MO Symbol_encoder_MUSER_Spin_link_output NULL Spin_link_output.vf vlg0E/_symbol__encoder___m_u_s_e_r___spin__link__output.bin 1344609731
MO NOR8_MXILINX_Encoder_16_to_4 NULL Encoder_16_to_4.vf vlg21/_n_o_r8___m_x_i_l_i_n_x___encoder__16__to__4.bin 1344508621
MO OR7_MXILINX_Symbol_decoder NULL Symbol_decoder.vf vlg32/_o_r7___m_x_i_l_i_n_x___symbol__decoder.bin 1344508621
EN spinlink_input NULL C:/Users/jt/Dropbox/D-Thesis/Cpld/SpinLink/SpinLink_Input.vhd sub00/vhpl08 1344881550
MO toggler_MUSER_main NULL main.vf vlg3F/toggler___m_u_s_e_r__main.bin 1344609731
MO OR8_MXILINX_Spin_link_input NULL Spin_link_input.vf vlg26/_o_r8___m_x_i_l_i_n_x___spin__link__input.bin 1344508621
MO FDC_MXILINX_toggler NULL toggler.vf vlg1C/_f_d_c___m_x_i_l_i_n_x__toggler.bin 1344609731
AR output_test behavioral D:/SpinLink2/Output_test.vhd sub00/vhpl35 1351613603
AR or7_mxilinx_main behavioral C:/Users/jt/Dropbox/D-Thesis/Cpld/SpinLink/main.vhf sub00/vhpl17 1347026497
AR input2 behavioral D:/SpinLink2/Input2.vhd sub00/vhpl33 1352194854
MO Symbol_decoder_MUSER_main NULL main.vf vlg6A/_symbol__decoder___m_u_s_e_r__main.bin 1344508621
MO M2_1E_MXILINX_main NULL main.vf vlg28/_m2__1_e___m_x_i_l_i_n_x__main.bin 1344609731
EN xor7_mxilinx_main NULL C:/Users/jt/Dropbox/D-Thesis/Cpld/SpinLink/main.vhf sub00/vhpl14 1347026494
MO FD_MXILINX_Input_buffer NULL Input_buffer.vf vlg7E/_f_d___m_x_i_l_i_n_x___input__buffer.bin 1346927066
MO D4_16E_MXILINX_main NULL main.vf vlg33/_d4__16_e___m_x_i_l_i_n_x__main.bin 1344609731
MO FDC_MXILINX_Output_buffer NULL Output_buffer.vf vlg26/_f_d_c___m_x_i_l_i_n_x___output__buffer.bin 1344508621
MO OR9_MXILINX_main NULL main.vf vlg72/_o_r9___m_x_i_l_i_n_x__main.bin 1344609731
MO Spin_link_output_MUSER_main NULL main.vf vlg3E/_spin__link__output___m_u_s_e_r__main.bin 1344609731
MO Spin_link_output NULL Spin_link_output.vf vlg53/_spin__link__output.bin 1344609731
AR main behavioral D:/SpinLink2/main.vhf sub00/vhpl23 1352194856
AR xor7_mxilinx_main behavioral C:/Users/jt/Dropbox/D-Thesis/Cpld/SpinLink/main.vhf sub00/vhpl15 1347026495
MO XOR7_MXILINX_main NULL main.vf vlg20/_x_o_r7___m_x_i_l_i_n_x__main.bin 1346927066
AR spli_control_logic behavioral C:/Users/jt/Dropbox/D-Thesis/Cpld/SpinLink/SPLI_Control_logic.vhd sub00/vhpl01 1344445074
MO FD_MXILINX_Output_buffer NULL Output_buffer.vf vlg43/_f_d___m_x_i_l_i_n_x___output__buffer.bin 1345477464
MO LDC_MXILINX_Spin_link_input NULL Spin_link_input.vf vlg60/_l_d_c___m_x_i_l_i_n_x___spin__link__input.bin 1344517581
MO spin_router NULL spin_router.vf vlg7A/spin__router.bin 1344418934
MO FDC_MXILINX_Spin_link_output NULL Spin_link_output.vf vlg77/_f_d_c___m_x_i_l_i_n_x___spin__link__output.bin 1344609731
MO Output_buffer NULL Output_buffer.vf vlg32/_output__buffer.bin 1345477464
EN xor7_mxilinx_input_buffer NULL C:/Users/jt/Dropbox/D-Thesis/Cpld/SpinLink/Input_buffer.vhf sub00/vhpl24 1347026504
MO FJKC_MXILINX_main NULL main.vf vlg6A/_f_j_k_c___m_x_i_l_i_n_x__main.bin 1344261626
AR output3 behavioral D:/SpinLink2/Output3.vhd sub00/vhpl13 1352194852
MO Selector_module_MUSER_Spin_link_input NULL Spin_link_input.vf vlg4A/_selector__module___m_u_s_e_r___spin__link__input.bin 1344419573
AR input_buffer_muser_main behavioral C:/Users/jt/Dropbox/D-Thesis/Cpld/SpinLink/main.vhf sub00/vhpl21 1347026501
MO Encoder_16_to_4_MUSER_Spin_link_input NULL Spin_link_input.vf vlg2B/_encoder__16__to__4___m_u_s_e_r___spin__link__input.bin 1344508621
MO FTC_MXILINX_main NULL main.vf vlg21/_f_t_c___m_x_i_l_i_n_x__main.bin 1344419574
EN auto_reply NULL C:/Users/jt/Dropbox/D-Thesis/Cpld/SpinLink/Auto_Reply.vhd sub00/vhpl04 1347026490
MO FDD_MXILINX_main NULL main.vf vlg26/_f_d_d___m_x_i_l_i_n_x__main.bin 1345131939
MO OR9_MXILINX_Spin_link_input NULL Spin_link_input.vf vlg47/_o_r9___m_x_i_l_i_n_x___spin__link__input.bin 1344508621
MO FDD4_MXILINX_Spin_link_output NULL Spin_link_output.vf vlg38/_f_d_d4___m_x_i_l_i_n_x___spin__link__output.bin 1344609731
MO BUF4_MXILINX_spin_router NULL spin_router.vf vlg7A/_b_u_f4___m_x_i_l_i_n_x__spin__router.bin 1344418934
MO FD_MXILINX_main NULL main.vf vlg6A/_f_d___m_x_i_l_i_n_x__main.bin 1346927066
MO NOR8_MXILINX_main NULL main.vf vlg2B/_n_o_r8___m_x_i_l_i_n_x__main.bin 1344508621
MO Output_buffer_MUSER_main NULL main.vf vlg41/_output__buffer___m_u_s_e_r__main.bin 1345477464
MO FDD_MXILINX_Input_buffer NULL Input_buffer.vf vlg3A/_f_d_d___m_x_i_l_i_n_x___input__buffer.bin 1345131939
MO LDC_MXILINX_main NULL main.vf vlg5F/_l_d_c___m_x_i_l_i_n_x__main.bin 1344609731
EN input2 NULL D:/SpinLink2/Input2.vhd sub00/vhpl32 1352194853
MO FDD_MXILINX_Spin_link_output NULL Spin_link_output.vf vlg1C/_f_d_d___m_x_i_l_i_n_x___spin__link__output.bin 1344609731
MO OR7_MXILINX_Input_buffer NULL Input_buffer.vf vlg1C/_o_r7___m_x_i_l_i_n_x___input__buffer.bin 1346927066
MO Selector_module_MUSER_main NULL main.vf vlg51/_selector__module___m_u_s_e_r__main.bin 1344419574
AR spinlink_input behavioral C:/Users/jt/Dropbox/D-Thesis/Cpld/SpinLink/SpinLink_Input.vhd sub00/vhpl09 1344881551
MO Encoder_16_to_4 NULL Encoder_16_to_4.vf vlg5B/_encoder__16__to__4.bin 1344508621
AR fd_mxilinx_main behavioral C:/Users/jt/Dropbox/D-Thesis/Cpld/SpinLink/main.vhf sub00/vhpl19 1347026499
MO NOR8_MXILINX_Spin_link_input NULL Spin_link_input.vf vlg7C/_n_o_r8___m_x_i_l_i_n_x___spin__link__input.bin 1344508621
MO Dual_Flank_Toggler_MUSER_main NULL main.vf vlg5B/_dual___flank___toggler___m_u_s_e_r__main.bin 1344609731
MO FDDC_MXILINX_Dual_Flank_Toggler NULL Dual_Flank_Toggler.vf vlg24/_f_d_d_c___m_x_i_l_i_n_x___dual___flank___toggler.bin 1344600842
MO CB2CE_MXILINX_main NULL main.vf vlg1F/_c_b2_c_e___m_x_i_l_i_n_x__main.bin 1344348569
MO LDC_MXILINX_Spin_link_output NULL Spin_link_output.vf vlg25/_l_d_c___m_x_i_l_i_n_x___spin__link__output.bin 1344609731
AR auto_reply behavioral C:/Users/jt/Dropbox/D-Thesis/Cpld/SpinLink/Auto_Reply.vhd sub00/vhpl05 1347026491
MO LD4_MXILINX_main NULL main.vf vlg24/_l_d4___m_x_i_l_i_n_x__main.bin 1344517581
EN output2 NULL C:/Users/jt/Dropbox/D-Thesis/Cpld/SpinLink/Output2.vhd sub00/vhpl10 1346863458
EN output3 NULL D:/SpinLink2/Output3.vhd sub00/vhpl12 1352194851
EN main NULL D:/SpinLink2/main.vhf sub00/vhpl22 1352194855
MO LDC_MXILINX_Output_buffer NULL Output_buffer.vf vlg6C/_l_d_c___m_x_i_l_i_n_x___output__buffer.bin 1344517581
AR selector_module2 behavioral D:/Dropbox/Dropbox/D-Thesis/Cpld/SpinLink/Selector_Module2.vhd sub00/vhpl03 1344467898
MO FDDC_MXILINX_main NULL main.vf vlg3D/_f_d_d_c___m_x_i_l_i_n_x__main.bin 1344609731
EN or7_mxilinx_input_buffer NULL C:/Users/jt/Dropbox/D-Thesis/Cpld/SpinLink/Input_buffer.vhf sub00/vhpl26 1347026506
MO Symbol_decoder_MUSER_Spin_link_input NULL Spin_link_input.vf vlg5F/_symbol__decoder___m_u_s_e_r___spin__link__input.bin 1344508621
MO OR8_MXILINX_main NULL main.vf vlg5D/_o_r8___m_x_i_l_i_n_x__main.bin 1344609731
MO FTC_MXILINX_Selector_module NULL Selector_module.vf vlg26/_f_t_c___m_x_i_l_i_n_x___selector__module.bin 1344419573
MO Symbol_encoder NULL Symbol_encoder.vf vlg55/_symbol__encoder.bin 1344609731
EN output_test NULL D:/SpinLink2/Output_test.vhd sub00/vhpl34 1351613602
EN spinlink_output NULL C:/Users/jt/Dropbox/D-Thesis/Cpld/SpinLink/SpinLink_Output.vhd sub00/vhpl06 1346687427
MO AND7_MXILINX_Spin_link_input NULL Spin_link_input.vf vlg23/_a_n_d7___m_x_i_l_i_n_x___spin__link__input.bin 1344508621
MO Input_buffer_MUSER_main NULL main.vf vlg54/_input__buffer___m_u_s_e_r__main.bin 1346927066
MO Output3_MUSER_main NULL main.vf vlg3F/_output3___m_u_s_e_r__main.bin 1346863842
AR input_buffer behavioral C:/Users/jt/Dropbox/D-Thesis/Cpld/SpinLink/Input_buffer.vhf sub00/vhpl31 1347026511
MO FTC_MXILINX_Spin_link_input NULL Spin_link_input.vf vlg5A/_f_t_c___m_x_i_l_i_n_x___spin__link__input.bin 1344419573
MO FD4_MXILINX_Output_buffer NULL Output_buffer.vf vlg5F/_f_d4___m_x_i_l_i_n_x___output__buffer.bin 1345477464
MO FDD4_MXILINX_main NULL main.vf vlg02/_f_d_d4___m_x_i_l_i_n_x__main.bin 1344609731
MO FDC_MXILINX_main NULL main.vf vlg11/_f_d_c___m_x_i_l_i_n_x__main.bin 1344609731
MO FTC_MXILINX_Output_buffer NULL Output_buffer.vf vlg76/_f_t_c___m_x_i_l_i_n_x___output__buffer.bin 1344350707
MO Encoder_16_to_4_MUSER_main NULL main.vf vlg26/_encoder__16__to__4___m_u_s_e_r__main.bin 1344508621
EN or7_mxilinx_main NULL C:/Users/jt/Dropbox/D-Thesis/Cpld/SpinLink/main.vhf sub00/vhpl16 1347026496
MO Selector_module NULL Selector_module.vf vlg02/_selector__module.bin 1344419573
MO AND7_MXILINX_Symbol_decoder NULL Symbol_decoder.vf vlg38/_a_n_d7___m_x_i_l_i_n_x___symbol__decoder.bin 1344508621
MO toggler_MUSER_Spin_link_input NULL Spin_link_input.vf vlg40/toggler___m_u_s_e_r___spin__link__input.bin 1344273001
MO Symbol_encoder_MUSER_main NULL main.vf vlg78/_symbol__encoder___m_u_s_e_r__main.bin 1344609731
MO OR8_MXILINX_Encoder_16_to_4 NULL Encoder_16_to_4.vf vlg4B/_o_r8___m_x_i_l_i_n_x___encoder__16__to__4.bin 1344508621
MO FDC_MXILINX_Selector_module NULL Selector_module.vf vlg56/_f_d_c___m_x_i_l_i_n_x___selector__module.bin 1344419573
AR spinlink_output behavioral C:/Users/jt/Dropbox/D-Thesis/Cpld/SpinLink/SpinLink_Output.vhd sub00/vhpl07 1346687428
EN spli_control_logic NULL C:/Users/jt/Dropbox/D-Thesis/Cpld/SpinLink/SPLI_Control_logic.vhd sub00/vhpl00 1344445073
MO FTCE_MXILINX_main NULL main.vf vlg4E/_f_t_c_e___m_x_i_l_i_n_x__main.bin 1344348569
MO Input_buffer_MUSER_Spin_link_input NULL Spin_link_input.vf vlg61/_input__buffer___m_u_s_e_r___spin__link__input.bin 1344335113
MO Output_buffer_MUSER_Spin_link_input NULL Spin_link_input.vf vlg7A/_output__buffer___m_u_s_e_r___spin__link__input.bin 1344517581
MO OR9_MXILINX_Symbol_decoder NULL Symbol_decoder.vf vlg0C/_o_r9___m_x_i_l_i_n_x___symbol__decoder.bin 1344508621
MO FD4_MXILINX_main NULL main.vf vlg56/_f_d4___m_x_i_l_i_n_x__main.bin 1345477464
EN fd_mxilinx_main NULL C:/Users/jt/Dropbox/D-Thesis/Cpld/SpinLink/main.vhf sub00/vhpl18 1347026498
AR output2 behavioral C:/Users/jt/Dropbox/D-Thesis/Cpld/SpinLink/Output2.vhd sub00/vhpl11 1346863459
MO Spin_link_input_MUSER_main NULL main.vf vlg35/_spin__link__input___m_u_s_e_r__main.bin 1344609731
MO Spin_link_input NULL Spin_link_input.vf vlg36/_spin__link__input.bin 1344609731
MO FJKC_MXILINX_Spin_link_output NULL Spin_link_output.vf vlg20/_f_j_k_c___m_x_i_l_i_n_x___spin__link__output.bin 1344261626
MO FDC_MXILINX_Spin_link_input NULL Spin_link_input.vf vlg0A/_f_d_c___m_x_i_l_i_n_x___spin__link__input.bin 1344508621
EN input_buffer_muser_main NULL C:/Users/jt/Dropbox/D-Thesis/Cpld/SpinLink/main.vhf sub00/vhpl20 1347026500
MO CB2CE_MXILINX_Spin_link_input NULL Spin_link_input.vf vlg20/_c_b2_c_e___m_x_i_l_i_n_x___spin__link__input.bin 1344348568
MO AND7_MXILINX_main NULL main.vf vlg7E/_a_n_d7___m_x_i_l_i_n_x__main.bin 1344508621
MO OR7_MXILINX_Spin_link_input NULL Spin_link_input.vf vlg05/_o_r7___m_x_i_l_i_n_x___spin__link__input.bin 1344508621
EN fd_mxilinx_input_buffer NULL C:/Users/jt/Dropbox/D-Thesis/Cpld/SpinLink/Input_buffer.vhf sub00/vhpl28 1347026508
MO spin_router_MUSER_main NULL main.vf vlg69/spin__router___m_u_s_e_r__main.bin 1344418934
MO OR7_MXILINX_main NULL main.vf vlg48/_o_r7___m_x_i_l_i_n_x__main.bin 1346927066
MO D4_16E_MXILINX_Spin_link_output NULL Spin_link_output.vf vlg39/_d4__16_e___m_x_i_l_i_n_x___spin__link__output.bin 1344609731
MO BUF4_MXILINX_main NULL main.vf vlg2D/_b_u_f4___m_x_i_l_i_n_x__main.bin 1344418934
MO OR8_MXILINX_Spin_link_output NULL Spin_link_output.vf vlg03/_o_r8___m_x_i_l_i_n_x___spin__link__output.bin 1344609731
MO toggler_MUSER_Spin_link_output NULL Spin_link_output.vf vlg05/toggler___m_u_s_e_r___spin__link__output.bin 1344609731
MO LD4_MXILINX_Spin_link_input NULL Spin_link_input.vf vlg71/_l_d4___m_x_i_l_i_n_x___spin__link__input.bin 1344517581
MO Symbol_decoder NULL Symbol_decoder.vf vlg6F/_symbol__decoder.bin 1344508621
EN input_buffer NULL C:/Users/jt/Dropbox/D-Thesis/Cpld/SpinLink/Input_buffer.vhf sub00/vhpl30 1347026510
AR xor7_mxilinx_input_buffer behavioral C:/Users/jt/Dropbox/D-Thesis/Cpld/SpinLink/Input_buffer.vhf sub00/vhpl25 1347026505
MO OR8_MXILINX_Symbol_decoder NULL Symbol_decoder.vf vlg1F/_o_r8___m_x_i_l_i_n_x___symbol__decoder.bin 1344508621
MO FTC_MXILINX_Spin_link_output NULL Spin_link_output.vf vlg07/_f_t_c___m_x_i_l_i_n_x___spin__link__output.bin 1344204513
MO Dual_Flank_Toggler_MUSER_Spin_link_input NULL Spin_link_input.vf vlg6C/_dual___flank___toggler___m_u_s_e_r___spin__link__input.bin 1344600842
AR fd_mxilinx_input_buffer behavioral C:/Users/jt/Dropbox/D-Thesis/Cpld/SpinLink/Input_buffer.vhf sub00/vhpl29 1347026509
MO FDDC_MXILINX_Spin_link_input NULL Spin_link_input.vf vlg06/_f_d_d_c___m_x_i_l_i_n_x___spin__link__input.bin 1344600842
MO Input_buffer NULL Input_buffer.vf vlg61/_input__buffer.bin 1346927066
MO LD4_MXILINX_Output_buffer NULL Output_buffer.vf vlg25/_l_d4___m_x_i_l_i_n_x___output__buffer.bin 1344517581
MO FDD_MXILINX_Dual_Flank_Toggler NULL Dual_Flank_Toggler.vf vlg35/_f_d_d___m_x_i_l_i_n_x___dual___flank___toggler.bin 1344503193
MO toggler NULL toggler.vf vlg48/toggler.bin 1344609731
MO FD_MXILINX_Spin_link_input NULL Spin_link_input.vf vlg5F/_f_d___m_x_i_l_i_n_x___spin__link__input.bin 1344344391
MO FTCE_MXILINX_Spin_link_input NULL Spin_link_input.vf vlg33/_f_t_c_e___m_x_i_l_i_n_x___spin__link__input.bin 1344348568
MO OR9_MXILINX_Spin_link_output NULL Spin_link_output.vf vlg28/_o_r9___m_x_i_l_i_n_x___spin__link__output.bin 1344609731
MO XOR7_MXILINX_Input_buffer NULL Input_buffer.vf vlg74/_x_o_r7___m_x_i_l_i_n_x___input__buffer.bin 1346927066
MO Dual_Flank_Toggler NULL Dual_Flank_Toggler.vf vlg14/_dual___flank___toggler.bin 1344600842
AR or7_mxilinx_input_buffer behavioral C:/Users/jt/Dropbox/D-Thesis/Cpld/SpinLink/Input_buffer.vhf sub00/vhpl27 1347026507
MO FDDC_MXILINX_Spin_link_output NULL Spin_link_output.vf vlg63/_f_d_d_c___m_x_i_l_i_n_x___spin__link__output.bin 1344263664
EN selector_module2 NULL D:/Dropbox/Dropbox/D-Thesis/Cpld/SpinLink/Selector_Module2.vhd sub00/vhpl02 1344467897
MO M2_1E_MXILINX_Spin_link_output NULL Spin_link_output.vf vlg3E/_m2__1_e___m_x_i_l_i_n_x___spin__link__output.bin 1344609731
MO FDD_MXILINX_Spin_link_input NULL Spin_link_input.vf vlg2B/_f_d_d___m_x_i_l_i_n_x___spin__link__input.bin 1344503193
