V3 57
FL C:/Users/jt/Dropbox/D-Thesis/Cpld/SpinLink/Auto_Reply.vhd 2012/09/07.16:01:13 P.15xf
EN work/Auto_Reply 1347026490 \
      FL C:/Users/jt/Dropbox/D-Thesis/Cpld/SpinLink/Auto_Reply.vhd \
      PB ieee/std_logic_1164 1335251622
AR work/Auto_Reply/Behavioral 1347026491 \
      FL C:/Users/jt/Dropbox/D-Thesis/Cpld/SpinLink/Auto_Reply.vhd \
      EN work/Auto_Reply 1347026490
FL C:/Users/jt/Dropbox/D-Thesis/Cpld/SpinLink/Input2.vhd 2012/10/16.12:43:16 P.15xf
FL C:/Users/jt/Dropbox/D-Thesis/Cpld/SpinLink/Input_buffer.vhf 2012/09/07.15:59:05 P.15xf
EN work/XOR7_MXILINX_Input_buffer 1347026504 \
      FL C:/Users/jt/Dropbox/D-Thesis/Cpld/SpinLink/Input_buffer.vhf \
      PB ieee/std_logic_1164 1335251622 PB ieee/NUMERIC_STD 1335251627 LB UNISIM \
      PH unisim/VCOMPONENTS 1335251629
AR work/XOR7_MXILINX_Input_buffer/BEHAVIORAL 1347026505 \
      FL C:/Users/jt/Dropbox/D-Thesis/Cpld/SpinLink/Input_buffer.vhf \
      EN work/XOR7_MXILINX_Input_buffer 1347026504 CP XOR4
EN work/OR7_MXILINX_Input_buffer 1347026506 \
      FL C:/Users/jt/Dropbox/D-Thesis/Cpld/SpinLink/Input_buffer.vhf \
      PB ieee/std_logic_1164 1335251622 PB ieee/NUMERIC_STD 1335251627 LB UNISIM \
      PH unisim/VCOMPONENTS 1335251629
AR work/OR7_MXILINX_Input_buffer/BEHAVIORAL 1347026507 \
      FL C:/Users/jt/Dropbox/D-Thesis/Cpld/SpinLink/Input_buffer.vhf \
      EN work/OR7_MXILINX_Input_buffer 1347026506 CP OR4
EN work/FD_MXILINX_Input_buffer 1347026508 \
      FL C:/Users/jt/Dropbox/D-Thesis/Cpld/SpinLink/Input_buffer.vhf \
      PB ieee/std_logic_1164 1335251622 PB ieee/NUMERIC_STD 1335251627 LB UNISIM \
      PH unisim/VCOMPONENTS 1335251629
AR work/FD_MXILINX_Input_buffer/BEHAVIORAL 1347026509 \
      FL C:/Users/jt/Dropbox/D-Thesis/Cpld/SpinLink/Input_buffer.vhf \
      EN work/FD_MXILINX_Input_buffer 1347026508 CP GND CP FDCP
EN work/Input_buffer 1347026510 \
      FL C:/Users/jt/Dropbox/D-Thesis/Cpld/SpinLink/Input_buffer.vhf \
      PB ieee/std_logic_1164 1335251622 PB ieee/NUMERIC_STD 1335251627 LB UNISIM \
      PH unisim/VCOMPONENTS 1335251629
AR work/Input_buffer/BEHAVIORAL 1347026511 \
      FL C:/Users/jt/Dropbox/D-Thesis/Cpld/SpinLink/Input_buffer.vhf \
      EN work/Input_buffer 1347026510 CP XOR2 CP FD_MXILINX_Input_buffer \
      CP OR7_MXILINX_Input_buffer CP XOR7_MXILINX_Input_buffer CP AND2B1
FL C:/Users/jt/Dropbox/D-Thesis/Cpld/SpinLink/main.vhf 2012/09/10.13:52:14 P.15xf
FL C:/Users/jt/Dropbox/D-Thesis/Cpld/SpinLink/Output2.vhd 2012/09/03.18:51:51 P.15xf
EN work/Output2 1346863458 \
      FL C:/Users/jt/Dropbox/D-Thesis/Cpld/SpinLink/Output2.vhd \
      PB ieee/std_logic_1164 1335251622
AR work/Output2/Behavioral 1346863459 \
      FL C:/Users/jt/Dropbox/D-Thesis/Cpld/SpinLink/Output2.vhd EN work/Output2 1346863458
FL C:/Users/jt/Dropbox/D-Thesis/Cpld/SpinLink/Output3.vhd 2012/10/05.13:50:59 P.15xf
FL C:/Users/jt/Dropbox/D-Thesis/Cpld/SpinLink/SpinLink_Output.vhd 2012/09/03.17:00:09 P.15xf
EN work/SpinLink_Output 1346687427 \
      FL C:/Users/jt/Dropbox/D-Thesis/Cpld/SpinLink/SpinLink_Output.vhd \
      PB ieee/std_logic_1164 1335251622
AR work/SpinLink_Output/Behavioral 1346687428 \
      FL C:/Users/jt/Dropbox/D-Thesis/Cpld/SpinLink/SpinLink_Output.vhd \
      EN work/SpinLink_Output 1346687427
FL C:/Users/jt/Dropbox/D-Thesis/Cpld/SpinLink2/Input2.vhd 2012/10/17.15:20:21 P.15xf
FL C:/Users/jt/Dropbox/D-Thesis/Cpld/SpinLink2/main.vhf 2012/10/25.12:04:54 P.15xf
FL C:/Users/jt/Dropbox/D-Thesis/Cpld/SpinLink2/Output3.vhd 2012/10/23.16:19:11 P.15xf
FL C:/Users/jt/Dropbox/D-Thesis/Cpld/SpinLink2/Output_test.vhd 2012/10/25.17:21:00 P.15xf
FL D:/Dropbox/Dropbox/D-Thesis/Cpld/SpinLink/Auto_Reply.vhd 2012/08/30.18:29:46 P.15xf
FL D:/Dropbox/Dropbox/D-Thesis/Cpld/SpinLink/Input2.vhd 2012/09/11.11:07:38 P.15xf
FL D:/Dropbox/Dropbox/D-Thesis/Cpld/SpinLink/main.vhf 2012/09/10.13:52:14 P.15xf
FL D:/Dropbox/Dropbox/D-Thesis/Cpld/SpinLink/Output3.vhd 2012/09/11.11:07:38 P.15xf
FL D:/Dropbox/Dropbox/D-Thesis/Cpld/SpinLink/SpinLink_Output.vhd 2012/09/03.10:42:58 P.15xf
FL D:/Dropbox/Dropbox/D-Thesis/Cpld/SpinLink2/Input2.vhd 2012/10/17.15:20:22 P.15xf
FL D:/Dropbox/Dropbox/D-Thesis/Cpld/SpinLink2/main.vhf 2012/09/10.13:52:14 P.15xf
FL D:/Dropbox/Dropbox/D-Thesis/Cpld/SpinLink2/Output3.vhd 2012/10/22.22:43:42 P.15xf
FL D:/SpinLink2/Input2.vhd 2012/10/17.14:20:21 P.15xf
EN work/Input2 1352194853 FL D:/SpinLink2/Input2.vhd PB ieee/std_logic_1164 1335251622
AR work/Input2/Behavioral 1352194854 \
      FL D:/SpinLink2/Input2.vhd EN work/Input2 1352194853
FL D:/SpinLink2/main.vhf 2012/10/31.17:59:03 P.15xf
EN work/main 1352194855 FL D:/SpinLink2/main.vhf PB ieee/std_logic_1164 1335251622 \
      PB ieee/NUMERIC_STD 1335251627 LB UNISIM PH unisim/VCOMPONENTS 1335251629
AR work/main/BEHAVIORAL 1352194856 \
      FL D:/SpinLink2/main.vhf EN work/main 1352194855 CP Output3 CP Input2
FL D:/SpinLink2/Output3.vhd 2012/11/06.10:40:11 P.15xf
EN work/Output3 1352194851 FL D:/SpinLink2/Output3.vhd PB ieee/std_logic_1164 1335251622
AR work/Output3/Behavioral 1352194852 \
      FL D:/SpinLink2/Output3.vhd EN work/Output3 1352194851
FL D:/SpinLink2/Output_test.vhd 2012/10/25.16:21:00 P.15xf
EN work/Output_test 1351613602 FL D:/SpinLink2/Output_test.vhd \
      PB ieee/std_logic_1164 1335251622
AR work/Output_test/Behavioral 1351613603 \
      FL D:/SpinLink2/Output_test.vhd EN work/Output_test 1351613602
