Archive member included because of file (symbol)

D:\Dropbox\programming\spiNNaker-IOBoard\uC\StdPeriphLib_v100_STM32F4xx\Release\libStdPeriphLib_v100_STM32F4xx.a(misc.o)
                              ./src/spin_link.o (NVIC_Init)
D:\Dropbox\programming\spiNNaker-IOBoard\uC\StdPeriphLib_v100_STM32F4xx\Release\libStdPeriphLib_v100_STM32F4xx.a(stm32f4xx_dma.o)
                              ./src/main.o (DMA_DeInit)
D:\Dropbox\programming\spiNNaker-IOBoard\uC\StdPeriphLib_v100_STM32F4xx\Release\libStdPeriphLib_v100_STM32F4xx.a(stm32f4xx_exti.o)
                              ./src/main.o (EXTI_DeInit)
D:\Dropbox\programming\spiNNaker-IOBoard\uC\StdPeriphLib_v100_STM32F4xx\Release\libStdPeriphLib_v100_STM32F4xx.a(stm32f4xx_gpio.o)
                              ./src/main.o (GPIO_DeInit)
D:\Dropbox\programming\spiNNaker-IOBoard\uC\StdPeriphLib_v100_STM32F4xx\Release\libStdPeriphLib_v100_STM32F4xx.a(stm32f4xx_rcc.o)
                              ./src/leds.o (RCC_AHB1PeriphClockCmd)
D:\Dropbox\programming\spiNNaker-IOBoard\uC\StdPeriphLib_v100_STM32F4xx\Release\libStdPeriphLib_v100_STM32F4xx.a(stm32f4xx_syscfg.o)
                              ./src/spin_link.o (SYSCFG_EXTILineConfig)
D:\Dropbox\programming\spiNNaker-IOBoard\uC\StdPeriphLib_v100_STM32F4xx\Release\libStdPeriphLib_v100_STM32F4xx.a(stm32f4xx_tim.o)
                              ./src/main.o (TIM_DeInit)
D:\Dropbox\programming\spiNNaker-IOBoard\uC\StdPeriphLib_v100_STM32F4xx\Release\libStdPeriphLib_v100_STM32F4xx.a(stm32f4xx_usart.o)
                              ./src/main.o (USART_DeInit)
D:\Dropbox\programming\spiNNaker-IOBoard\uC\CMSISv2p10_STM32F4xx\Release\libCMSISv2p10_STM32F4xx.a(system_stm32f4xx.o)
                              ./src/cr_startup_stm32f4xx.o (SystemInit)
c:/code_red/redsuite_5.1.0_2048/redsuite/tools/bin/../lib/gcc/arm-none-eabi/4.6.2/../../../../arm-none-eabi/lib/armv7e-m/softfp\libcr_c.a(memcpy.o)
                              ./src/spin_link.o (memcpy)
c:/code_red/redsuite_5.1.0_2048/redsuite/tools/bin/../lib/gcc/arm-none-eabi/4.6.2/../../../../arm-none-eabi/lib/armv7e-m/softfp\libcr_c.a(__weak__main.o)
                              ./src/cr_startup_stm32f4xx.o (__main)
c:/code_red/redsuite_5.1.0_2048/redsuite/tools/bin/../lib/gcc/arm-none-eabi/4.6.2/../../../../arm-none-eabi/lib/armv7e-m/softfp\libcr_c.a(itoa.o)
                              ./src/omnibot.o (itoa)
c:/code_red/redsuite_5.1.0_2048/redsuite/tools/bin/../lib/gcc/arm-none-eabi/4.6.2/../../../../arm-none-eabi/lib/armv7e-m/softfp\libcr_c.a(strcat.o)
                              ./src/omnibot.o (strcat)
c:/code_red/redsuite_5.1.0_2048/redsuite/tools/bin/../lib/gcc/arm-none-eabi/4.6.2/../../../../arm-none-eabi/lib/armv7e-m/softfp\libcr_c.a(strcpy.o)
                              ./src/omnibot.o (strcpy)
c:/code_red/redsuite_5.1.0_2048/redsuite/tools/bin/../lib/gcc/arm-none-eabi/4.6.2/armv7e-m/softfp\libcr_eabihelpers.a(memcpy.o)
                              c:/code_red/redsuite_5.1.0_2048/redsuite/tools/bin/../lib/gcc/arm-none-eabi/4.6.2/../../../../arm-none-eabi/lib/armv7e-m/softfp\libcr_c.a(memcpy.o) (__aeabi_memcpy)

Allocating common symbols
Common symbol       size              file

spin_link_out       0x5f8             ./src/spin_link.o
USART6_TX_BUFFER    0x1000            ./src/usart.o
robotSensorData     0x44              ./src/omnibot.o
USART6_RX_BUFFER    0x1000            ./src/usart.o
t_payload_speed     0x4               ./src/omnibot.o
omniAvailFlag       0x4               ./src/omnibot.o
motor_command_string
                    0x64              ./src/omnibot.o
USART1_RX_BUFFER    0x1000            ./src/usart.o
motor_count         0x4               ./src/omnibot.o
SPIN_RX_FLAG        0x4               ./src/irq_handlers.o
y_payload_speed     0x4               ./src/omnibot.o
USART3_TX_BUFFER    0x1000            ./src/usart.o
num_buffer          0x14              ./src/omnibot.o
spin_link_in        0x5f8             ./src/spin_link.o
USART3_RX_BUFFER    0x1000            ./src/usart.o
UART4_TX_BUFFER     0x1000            ./src/usart.o
UART5_TX_BUFFER     0x1000            ./src/usart.o
USART1_TX_BUFFER    0x1000            ./src/usart.o
x_payload_speed     0x4               ./src/omnibot.o
timeout_var         0x4               ./src/omnibot.o
MGMT_ARRAY          0x800             ./src/omnibot.o

Discarded input sections

 .text          0x00000000        0x0 ./src/cr_startup_stm32f4xx.o
 .data          0x00000000        0x0 ./src/cr_startup_stm32f4xx.o
 .bss           0x00000000        0x0 ./src/cr_startup_stm32f4xx.o
 .text          0x00000000        0x0 ./src/irq_handlers.o
 .data          0x00000000        0x0 ./src/irq_handlers.o
 .bss           0x00000000        0x0 ./src/irq_handlers.o
 COMMON         0x00000000        0x4 ./src/irq_handlers.o
 .text          0x00000000        0x0 ./src/leds.o
 .data          0x00000000        0x0 ./src/leds.o
 .bss           0x00000000        0x0 ./src/leds.o
[...]
Memory Configuration

Name             Origin             Length             Attributes
MFlash1024       0x08000000         0x00100000         xr
Ram112           0x20000000         0x0001c000         xrw
PeriphRam16      0x2001c000         0x00004000         xrw
Ram64            0x10000000         0x00010000         xrw
*default*        0x00000000         0xffffffff

Linker script and memory map

LOAD ./src/cr_startup_stm32f4xx.o
LOAD ./src/irq_handlers.o
LOAD ./src/leds.o
LOAD ./src/main.o
LOAD ./src/omnibot.o
LOAD ./src/spin_link.o
LOAD ./src/timer.o
LOAD ./src/usart.o
LOAD D:\Dropbox\programming\spiNNaker-IOBoard\uC\StdPeriphLib_v100_STM32F4xx\Release\libStdPeriphLib_v100_STM32F4xx.a
LOAD D:\Dropbox\programming\spiNNaker-IOBoard\uC\CMSISv2p10_STM32F4xx\Release\libCMSISv2p10_STM32F4xx.a
START GROUP
LOAD c:/code_red/redsuite_5.1.0_2048/redsuite/tools/bin/../lib/gcc/arm-none-eabi/4.6.2/../../../../arm-none-eabi/lib/armv7e-m/softfp\libcr_c.a
LOAD c:/code_red/redsuite_5.1.0_2048/redsuite/tools/bin/../lib/gcc/arm-none-eabi/4.6.2/armv7e-m/softfp\libcr_eabihelpers.a
END GROUP
                0x08100000                __top_MFlash1024 = 0x8100000
                0x2001c000                __top_Ram112 = 0x2001c000
                0x20020000                __top_PeriphRam16 = 0x20020000
                0x10010000                __top_Ram64 = 0x10010000

.text           0x08000000     0x2c14
 FILL mask 0xff
 *(.isr_vector)
 .isr_vector    0x08000000      0x188 ./src/cr_startup_stm32f4xx.o
                0x08000000                g_pfnVectors
                0x08000188                . = ALIGN (0x4)
                0x08000188                __section_table_start = .
                0x08000188                __data_section_table = .
                0x08000188        0x4 LONG 0x8002c14 LOADADDR (.data)
                0x0800018c        0x4 LONG 0x20000000 ADDR (.data)
                0x08000190        0x4 LONG 0x10 SIZEOF (.data)
                0x08000194        0x4 LONG 0x8002c14 LOADADDR (.data_RAM2)
                0x08000198        0x4 LONG 0x2001c000 ADDR (.data_RAM2)
                0x0800019c        0x4 LONG 0x0 SIZEOF (.data_RAM2)
                0x080001a0        0x4 LONG 0x8002c14 LOADADDR (.data_RAM3)
                0x080001a4        0x4 LONG 0x10000000 ADDR (.data_RAM3)
                0x080001a8        0x4 LONG 0x0 SIZEOF (.data_RAM3)
                0x080001ac                __data_section_table_end = .
                0x080001ac                __bss_section_table = .
                0x080001ac        0x4 LONG 0x20000010 ADDR (.bss)
                0x080001b0        0x4 LONG 0x88fc SIZEOF (.bss)
                0x080001b4        0x4 LONG 0x2001c000 ADDR (.bss_RAM2)
                0x080001b8        0x4 LONG 0x0 SIZEOF (.bss_RAM2)
                0x080001bc        0x4 LONG 0x10000000 ADDR (.bss_RAM3)
                0x080001c0        0x4 LONG 0x0 SIZEOF (.bss_RAM3)
                0x080001c4                __bss_section_table_end = .
                0x080001c4                __section_table_end = .
 *(.after_vectors*)
 .after_vectors
                0x080001c4      0x138 ./src/cr_startup_stm32f4xx.o
                0x080001c4                NMI_Handler
                0x080001c8                HardFault_Handler
                0x080001cc                MemManage_Handler
                0x080001d0                BusFault_Handler
                0x080001d4                UsageFault_Handler
                0x080001d8                SVC_Handler
                0x080001dc                DebugMon_Handler
                0x080001e0                PendSV_Handler
                0x080001e4                SysTick_Handler
                0x080001e8                ResetISR
                0x08000290                data_init
                0x080002c4                bss_init
                0x080002f4                TAMP_STAMP_IRQHandler
                0x080002f4                DMA1_Stream5_IRQHandler
                0x080002f4                DMA2_Stream5_IRQHandler
                0x080002f4                CAN2_RX1_IRQHandler
                0x080002f4                SDIO_IRQHandler
                0x080002f4                TIM8_TRG_COM_TIM14_IRQHandler
                0x080002f4                TIM1_UP_TIM10_IRQHandler
                0x080002f4                TIM8_UP_TIM13_IRQHandler
                0x080002f4                I2C3_ER_IRQHandler
                0x080002f4                EXTI3_IRQHandler
                0x080002f4                EXTI0_IRQHandler
                0x080002f4                I2C2_EV_IRQHandler
                0x080002f4                DMA1_Stream2_IRQHandler
                0x080002f4                CAN1_RX0_IRQHandler
                0x080002f4                FPU_IRQHandler
                0x080002f4                OTG_HS_WKUP_IRQHandler
                0x080002f4                TIM1_CC_IRQHandler
                0x080002f4                CAN2_SCE_IRQHandler
                0x080002f4                DMA2_Stream2_IRQHandler
                0x080002f4                SPI1_IRQHandler
                0x080002f4                IntDefaultHandler
                0x080002f4                TIM6_DAC_IRQHandler
                0x080002f4                TIM1_BRK_TIM9_IRQHandler
                0x080002f4                DCMI_IRQHandler
                0x080002f4                CAN2_RX0_IRQHandler
                0x080002f4                DMA2_Stream3_IRQHandler
                0x080002f4                USART6_IRQHandler
                0x080002f4                USART3_IRQHandler
                0x080002f4                CRYP_IRQHandler
                0x080002f4                TIM8_CC_IRQHandler
                0x080002f4                UART5_IRQHandler
                0x080002f4                DMA2_Stream0_IRQHandler
                0x080002f4                TIM4_IRQHandler
                0x080002f4                PVD_IRQHandler
                0x080002f4                I2C1_EV_IRQHandler
                0x080002f4                DMA1_Stream6_IRQHandler
                0x080002f4                DMA1_Stream1_IRQHandler
                0x080002f4                UART4_IRQHandler
                0x080002f4                TIM3_IRQHandler
                0x080002f4                RCC_IRQHandler
                0x080002f4                TIM8_BRK_TIM12_IRQHandler
                0x080002f4                EXTI15_10_IRQHandler
                0x080002f4                ADC_IRQHandler
                0x080002f4                DMA1_Stream7_IRQHandler
                0x080002f4                TIM7_IRQHandler
                0x080002f4                CAN2_TX_IRQHandler
                0x080002f4                TIM5_IRQHandler
                0x080002f4                DMA2_Stream7_IRQHandler
                0x080002f4                I2C3_EV_IRQHandler
                0x080002f4                EXTI9_5_IRQHandler
                0x080002f4                RTC_WKUP_IRQHandler
                0x080002f4                ETH_WKUP_IRQHandler
                0x080002f4                SPI2_IRQHandler
                0x080002f4                OTG_HS_EP1_IN_IRQHandler
                0x080002f4                EXTI2_IRQHandler
                0x080002f4                DMA1_Stream0_IRQHandler
                0x080002f4                CAN1_TX_IRQHandler
                0x080002f4                HASH_RNG_IRQHandler
                0x080002f4                EXTI4_IRQHandler
                0x080002f4                FSMC_IRQHandler
                0x080002f4                ETH_IRQHandler
                0x080002f4                OTG_HS_EP1_OUT_IRQHandler
                0x080002f4                WWDG_IRQHandler
                0x080002f4                TIM2_IRQHandler
                0x080002f4                OTG_FS_WKUP_IRQHandler
                0x080002f4                TIM1_TRG_COM_TIM11_IRQHandler
                0x080002f4                OTG_HS_IRQHandler
                0x080002f4                EXTI1_IRQHandler
                0x080002f4                USART2_IRQHandler
                0x080002f4                CAN1_RX1_IRQHandler
                0x080002f4                I2C2_ER_IRQHandler
                0x080002f4                DMA2_Stream1_IRQHandler
                0x080002f4                CAN1_SCE_IRQHandler
                0x080002f4                FLASH_IRQHandler
                0x080002f4                DMA2_Stream4_IRQHandler
                0x080002f4                RTC_Alarm_IRQHandler
                0x080002f4                USART1_IRQHandler
                0x080002f4                OTG_FS_IRQHandler
                0x080002f4                SPI3_IRQHandler
                0x080002f4                DMA1_Stream4_IRQHandler
                0x080002f4                I2C1_ER_IRQHandler
                0x080002f4                DMA2_Stream6_IRQHandler
                0x080002f4                DMA1_Stream3_IRQHandler
 *(.text*)
 .text.led_init
                0x080002fc       0x44 ./src/leds.o
                0x080002fc                led_init
 .text.led_on   0x08000340       0x14 ./src/leds.o
                0x08000340                led_on
 .text.led_off  0x08000354       0x14 ./src/leds.o
                0x08000354                led_off
 .text.led_toggle
                0x08000368       0x14 ./src/leds.o
                0x08000368                led_toggle
 .text.startup.main
                0x0800037c      0x804 ./src/main.o
                0x0800037c                main
 .text.omnibot_init
                0x08000b80       0xdc ./src/omnibot.o
                0x08000b80                omnibot_init
 .text.omnibot_sensor_data_handler
                0x08000c5c      0x574 ./src/omnibot.o
                0x08000c5c                omnibot_sensor_data_handler
 .text.send_motor_command_value_coding
                0x080011d0       0xa0 ./src/omnibot.o
                0x080011d0                send_motor_command_value_coding
 .text.omnibot_command_cycle
                0x08001270       0x24 ./src/omnibot.o
                0x08001270                omnibot_command_cycle
 .text.value_coding
                0x08001294      0x110 ./src/omnibot.o
                0x08001294                value_coding
 .text.manage_neurons
                0x080013a4       0x78 ./src/omnibot.o
                0x080013a4                manage_neurons
 .text.spin_link_in_init
                0x0800141c       0x70 ./src/spin_link.o
                0x0800141c                spin_link_in_init
 .text.spin_link_out_init
                0x0800148c       0x80 ./src/spin_link.o
                0x0800148c                spin_link_out_init
 .text.spin_link_init
                0x0800150c       0x20 ./src/spin_link.o
                0x0800150c                spin_link_init
 .text.spin_link_packet_send
                0x0800152c      0x180 ./src/spin_link.o
                0x0800152c                spin_link_packet_send
 .text.ms_tick_init
                0x080016ac       0x50 ./src/timer.o
                0x080016ac                ms_tick_init
 .text.ms_tick_start
                0x080016fc       0x10 ./src/timer.o
                0x080016fc                ms_tick_start
 .text.usart_sendDataFromBuffers
                0x0800170c      0x148 ./src/usart.o
                0x0800170c                usart_sendDataFromBuffers
 .text.usart1_sendString
                0x08001854       0x2c ./src/usart.o
                0x08001854                usart1_sendString
 .text.usart3_sendString
                0x08001880       0x2c ./src/usart.o
                0x08001880                usart3_sendString
 .text.uart5_sendString
                0x080018ac       0x2c ./src/usart.o
                0x080018ac                uart5_sendString
 .text.usart6_sendString
                0x080018d8       0x2c ./src/usart.o
                0x080018d8                usart6_sendString
 .text.usart_init
                0x08001904      0x4e8 ./src/usart.o
                0x08001904                usart_init
 .text.DMA_DeInit
                0x08001dec      0x118 D:\Dropbox\programming\spiNNaker-IOBoard\uC\StdPeriphLib_v100_STM32F4xx\Release\libStdPeriphLib_v100_STM32F4xx.a(stm32f4xx_dma.o)
                0x08001dec                DMA_DeInit
 .text.DMA_Init
                0x08001f04       0x54 D:\Dropbox\programming\spiNNaker-IOBoard\uC\StdPeriphLib_v100_STM32F4xx\Release\libStdPeriphLib_v100_STM32F4xx.a(stm32f4xx_dma.o)
                0x08001f04                DMA_Init
 .text.DMA_StructInit
                0x08001f58       0x22 D:\Dropbox\programming\spiNNaker-IOBoard\uC\StdPeriphLib_v100_STM32F4xx\Release\libStdPeriphLib_v100_STM32F4xx.a(stm32f4xx_dma.o)
                0x08001f58                DMA_StructInit
 .text.DMA_Cmd  0x08001f7a       0x12 D:\Dropbox\programming\spiNNaker-IOBoard\uC\StdPeriphLib_v100_STM32F4xx\Release\libStdPeriphLib_v100_STM32F4xx.a(stm32f4xx_dma.o)
                0x08001f7a                DMA_Cmd
 .text.DMA_FlowControllerConfig
                0x08001f8c       0x12 D:\Dropbox\programming\spiNNaker-IOBoard\uC\StdPeriphLib_v100_STM32F4xx\Release\libStdPeriphLib_v100_STM32F4xx.a(stm32f4xx_dma.o)
                0x08001f8c                DMA_FlowControllerConfig
 *fill*         0x08001f9e        0x2 00
 .text.EXTI_DeInit
                0x08001fa0       0x1c D:\Dropbox\programming\spiNNaker-IOBoard\uC\StdPeriphLib_v100_STM32F4xx\Release\libStdPeriphLib_v100_STM32F4xx.a(stm32f4xx_exti.o)
                0x08001fa0                EXTI_DeInit
 .text.GPIO_DeInit
                0x08001fbc       0xd8 D:\Dropbox\programming\spiNNaker-IOBoard\uC\StdPeriphLib_v100_STM32F4xx\Release\libStdPeriphLib_v100_STM32F4xx.a(stm32f4xx_gpio.o)
                0x08001fbc                GPIO_DeInit
 .text.GPIO_Init
                0x08002094       0x8a D:\Dropbox\programming\spiNNaker-IOBoard\uC\StdPeriphLib_v100_STM32F4xx\Release\libStdPeriphLib_v100_STM32F4xx.a(stm32f4xx_gpio.o)
                0x08002094                GPIO_Init
 .text.GPIO_StructInit
                0x0800211e       0x12 D:\Dropbox\programming\spiNNaker-IOBoard\uC\StdPeriphLib_v100_STM32F4xx\Release\libStdPeriphLib_v100_STM32F4xx.a(stm32f4xx_gpio.o)
                0x0800211e                GPIO_StructInit
 .text.GPIO_ResetBits
                0x08002130        0x4 D:\Dropbox\programming\spiNNaker-IOBoard\uC\StdPeriphLib_v100_STM32F4xx\Release\libStdPeriphLib_v100_STM32F4xx.a(stm32f4xx_gpio.o)
                0x08002130                GPIO_ResetBits
 .text.GPIO_WriteBit
                0x08002134        0xa D:\Dropbox\programming\spiNNaker-IOBoard\uC\StdPeriphLib_v100_STM32F4xx\Release\libStdPeriphLib_v100_STM32F4xx.a(stm32f4xx_gpio.o)
                0x08002134                GPIO_WriteBit
 .text.GPIO_PinAFConfig
                0x0800213e       0x2c D:\Dropbox\programming\spiNNaker-IOBoard\uC\StdPeriphLib_v100_STM32F4xx\Release\libStdPeriphLib_v100_STM32F4xx.a(stm32f4xx_gpio.o)
                0x0800213e                GPIO_PinAFConfig
 *fill*         0x0800216a        0x2 00
 .text.RCC_GetClocksFreq
                0x0800216c       0x8c D:\Dropbox\programming\spiNNaker-IOBoard\uC\StdPeriphLib_v100_STM32F4xx\Release\libStdPeriphLib_v100_STM32F4xx.a(stm32f4xx_rcc.o)
                0x0800216c                RCC_GetClocksFreq
 .text.RCC_AHB1PeriphClockCmd
                0x080021f8       0x18 D:\Dropbox\programming\spiNNaker-IOBoard\uC\StdPeriphLib_v100_STM32F4xx\Release\libStdPeriphLib_v100_STM32F4xx.a(stm32f4xx_rcc.o)
                0x080021f8                RCC_AHB1PeriphClockCmd
 .text.RCC_APB1PeriphClockCmd
                0x08002210       0x18 D:\Dropbox\programming\spiNNaker-IOBoard\uC\StdPeriphLib_v100_STM32F4xx\Release\libStdPeriphLib_v100_STM32F4xx.a(stm32f4xx_rcc.o)
                0x08002210                RCC_APB1PeriphClockCmd
 .text.RCC_APB2PeriphClockCmd
                0x08002228       0x18 D:\Dropbox\programming\spiNNaker-IOBoard\uC\StdPeriphLib_v100_STM32F4xx\Release\libStdPeriphLib_v100_STM32F4xx.a(stm32f4xx_rcc.o)
                0x08002228                RCC_APB2PeriphClockCmd
 .text.RCC_AHB1PeriphResetCmd
                0x08002240       0x18 D:\Dropbox\programming\spiNNaker-IOBoard\uC\StdPeriphLib_v100_STM32F4xx\Release\libStdPeriphLib_v100_STM32F4xx.a(stm32f4xx_rcc.o)
                0x08002240                RCC_AHB1PeriphResetCmd
 .text.RCC_APB1PeriphResetCmd
                0x08002258       0x18 D:\Dropbox\programming\spiNNaker-IOBoard\uC\StdPeriphLib_v100_STM32F4xx\Release\libStdPeriphLib_v100_STM32F4xx.a(stm32f4xx_rcc.o)
                0x08002258                RCC_APB1PeriphResetCmd
 .text.RCC_APB2PeriphResetCmd
                0x08002270       0x18 D:\Dropbox\programming\spiNNaker-IOBoard\uC\StdPeriphLib_v100_STM32F4xx\Release\libStdPeriphLib_v100_STM32F4xx.a(stm32f4xx_rcc.o)
                0x08002270                RCC_APB2PeriphResetCmd
 .text.TIM_DeInit
                0x08002288      0x154 D:\Dropbox\programming\spiNNaker-IOBoard\uC\StdPeriphLib_v100_STM32F4xx\Release\libStdPeriphLib_v100_STM32F4xx.a(stm32f4xx_tim.o)
                0x08002288                TIM_DeInit
 .text.TIM_TimeBaseInit
                0x080023dc       0x7c D:\Dropbox\programming\spiNNaker-IOBoard\uC\StdPeriphLib_v100_STM32F4xx\Release\libStdPeriphLib_v100_STM32F4xx.a(stm32f4xx_tim.o)
                0x080023dc                TIM_TimeBaseInit
 .text.TIM_SelectOnePulseMode
                0x08002458       0x16 D:\Dropbox\programming\spiNNaker-IOBoard\uC\StdPeriphLib_v100_STM32F4xx\Release\libStdPeriphLib_v100_STM32F4xx.a(stm32f4xx_tim.o)
                0x08002458                TIM_SelectOnePulseMode
 .text.TIM_Cmd  0x0800246e       0x18 D:\Dropbox\programming\spiNNaker-IOBoard\uC\StdPeriphLib_v100_STM32F4xx\Release\libStdPeriphLib_v100_STM32F4xx.a(stm32f4xx_tim.o)
                0x0800246e                TIM_Cmd
 .text.TIM_InternalClockConfig
                0x08002486        0xe D:\Dropbox\programming\spiNNaker-IOBoard\uC\StdPeriphLib_v100_STM32F4xx\Release\libStdPeriphLib_v100_STM32F4xx.a(stm32f4xx_tim.o)
                0x08002486                TIM_InternalClockConfig
 .text.USART_DeInit
                0x08002494       0xa8 D:\Dropbox\programming\spiNNaker-IOBoard\uC\StdPeriphLib_v100_STM32F4xx\Release\libStdPeriphLib_v100_STM32F4xx.a(stm32f4xx_usart.o)
                0x08002494                USART_DeInit
 .text.USART_Init
                0x0800253c       0xb8 D:\Dropbox\programming\spiNNaker-IOBoard\uC\StdPeriphLib_v100_STM32F4xx\Release\libStdPeriphLib_v100_STM32F4xx.a(stm32f4xx_usart.o)
                0x0800253c                USART_Init
 .text.USART_Cmd
                0x080025f4       0x18 D:\Dropbox\programming\spiNNaker-IOBoard\uC\StdPeriphLib_v100_STM32F4xx\Release\libStdPeriphLib_v100_STM32F4xx.a(stm32f4xx_usart.o)
                0x080025f4                USART_Cmd
 .text.USART_OverSampling8Cmd
                0x0800260c       0x18 D:\Dropbox\programming\spiNNaker-IOBoard\uC\StdPeriphLib_v100_STM32F4xx\Release\libStdPeriphLib_v100_STM32F4xx.a(stm32f4xx_usart.o)
                0x0800260c                USART_OverSampling8Cmd
 .text.USART_DMACmd
                0x08002624       0x12 D:\Dropbox\programming\spiNNaker-IOBoard\uC\StdPeriphLib_v100_STM32F4xx\Release\libStdPeriphLib_v100_STM32F4xx.a(stm32f4xx_usart.o)
                0x08002624                USART_DMACmd
 *fill*         0x08002636        0x2 00
 .text.SystemInit
                0x08002638       0xa8 D:\Dropbox\programming\spiNNaker-IOBoard\uC\CMSISv2p10_STM32F4xx\Release\libCMSISv2p10_STM32F4xx.a(system_stm32f4xx.o)
                0x08002638                SystemInit
 .text.__weak_main
                0x080026e0        0x4 c:/code_red/redsuite_5.1.0_2048/redsuite/tools/bin/../lib/gcc/arm-none-eabi/4.6.2/../../../../arm-none-eabi/lib/armv7e-m/softfp\libcr_c.a(__weak__main.o)
                0x080026e0                __weak_main
                0x080026e0                __main
 .text.itoa     0x080026e4       0x60 c:/code_red/redsuite_5.1.0_2048/redsuite/tools/bin/../lib/gcc/arm-none-eabi/4.6.2/../../../../arm-none-eabi/lib/armv7e-m/softfp\libcr_c.a(itoa.o)
                0x080026e4                itoa
 .text.strcat   0x08002744       0x1c c:/code_red/redsuite_5.1.0_2048/redsuite/tools/bin/../lib/gcc/arm-none-eabi/4.6.2/../../../../arm-none-eabi/lib/armv7e-m/softfp\libcr_c.a(strcat.o)
                0x08002744                strcat
 .text.strcpy   0x08002760       0x44 c:/code_red/redsuite_5.1.0_2048/redsuite/tools/bin/../lib/gcc/arm-none-eabi/4.6.2/../../../../arm-none-eabi/lib/armv7e-m/softfp\libcr_c.a(strcpy.o)
                0x08002760                strcpy
 *(.rodata .rodata.*)
 .rodata.str1.4
                0x080027a4       0x29 ./src/main.o
                                 0x2c (size before relaxing)
 *fill*         0x080027cd        0x3 00
 .rodata.str1.4
                0x080027d0       0x30 ./src/omnibot.o
 .rodata.ParityTable256
                0x08002800      0x400 ./src/spin_link.o
 .rodata.digits
                0x08002c00       0x11 c:/code_red/redsuite_5.1.0_2048/redsuite/tools/bin/../lib/gcc/arm-none-eabi/4.6.2/../../../../arm-none-eabi/lib/armv7e-m/softfp\libcr_c.a(itoa.o)
                0x08002c14                . = ALIGN (0x4)
 *fill*         0x08002c11        0x3 ff

.glue_7         0x08002c14        0x0
 .glue_7        0x00000000        0x0 linker stubs

.glue_7t        0x08002c14        0x0
 .glue_7t       0x00000000        0x0 linker stubs

.vfp11_veneer   0x08002c14        0x0
 .vfp11_veneer  0x00000000        0x0 linker stubs

.v4_bx          0x08002c14        0x0
 .v4_bx         0x00000000        0x0 linker stubs

.ARM.extab
 *(.ARM.extab* .gnu.linkonce.armextab.*)
                0x08002c14                __exidx_start = .

.ARM.exidx
 *(.ARM.exidx* .gnu.linkonce.armexidx.*)
                0x08002c14                __exidx_end = .
                0x08002c14                _etext = .

.data_RAM2      0x2001c000        0x0 load address 0x08002c14
 FILL mask 0xff
 *(.data.$RAM2*)
 *(.data.$PeriphRam16*)
                0x2001c000                . = ALIGN (0x4)

.data_RAM3      0x10000000        0x0 load address 0x08002c14
 FILL mask 0xff
 *(.data.$RAM3*)
 *(.data.$Ram64*)
                0x10000000                . = ALIGN (0x4)

.uninit_RESERVED
                0x20000000        0x0
 *(.bss.$RESERVED*)
                0x20000000                . = ALIGN (0x4)
                0x20000000                _end_uninit_RESERVED = .

.data           0x20000000       0x10 load address 0x08002c14
 FILL mask 0xff
                0x20000000                _data = .
 *(vtable)
 *(.data*)
 .data.APBAHBPrescTable
                0x20000000       0x10 D:\Dropbox\programming\spiNNaker-IOBoard\uC\StdPeriphLib_v100_STM32F4xx\Release\libStdPeriphLib_v100_STM32F4xx.a(stm32f4xx_rcc.o)
                0x20000010                . = ALIGN (0x4)
                0x20000010                _edata = .

.bss_RAM2       0x2001c000        0x0
 *(.bss.$RAM2*)
 *(.bss.$PeriphRam16*)
                0x2001c000                . = ALIGN (0x4)

.bss_RAM3       0x10000000        0x0
 *(.bss.$RAM3*)
 *(.bss.$Ram64*)
                0x10000000                . = ALIGN (0x4)

.bss            0x20000010     0x88fc
                0x20000010                _bss = .
 *(.bss*)
 .bss.USART3_TX_WRITE
                0x20000010        0x4 ./src/usart.o
                0x20000010                USART3_TX_WRITE
 .bss.UART5_TX_READ
                0x20000014        0x4 ./src/usart.o
                0x20000014                UART5_TX_READ
 .bss.USART1_TX_WRITE
                0x20000018        0x4 ./src/usart.o
                0x20000018                USART1_TX_WRITE
 .bss.USART3_TX_READ
                0x2000001c        0x4 ./src/usart.o
                0x2000001c                USART3_TX_READ
 .bss.UART4_TX_WRITE
                0x20000020        0x4 ./src/usart.o
                0x20000020                UART4_TX_WRITE
 .bss.USART1_TX_READ
                0x20000024        0x4 ./src/usart.o
                0x20000024                USART1_TX_READ
 .bss.UART4_TX_READ
                0x20000028        0x4 ./src/usart.o
                0x20000028                UART4_TX_READ
 .bss.USART6_TX_WRITE
                0x2000002c        0x4 ./src/usart.o
                0x2000002c                USART6_TX_WRITE
 .bss.UART5_TX_WRITE
                0x20000030        0x4 ./src/usart.o
                0x20000030                UART5_TX_WRITE
 .bss.USART6_TX_READ
                0x20000034        0x4 ./src/usart.o
                0x20000034                USART6_TX_READ
 *(COMMON)
 COMMON         0x20000038      0x8d4 ./src/omnibot.o
                0x20000038                robotSensorData
                0x2000007c                t_payload_speed
                0x20000080                omniAvailFlag
                0x20000084                motor_command_string
                0x200000e8                motor_count
                0x200000ec                y_payload_speed
                0x200000f0                num_buffer
                0x20000104                x_payload_speed
                0x20000108                timeout_var
                0x2000010c                MGMT_ARRAY
 COMMON         0x2000090c     0x8000 ./src/usart.o
                0x2000090c                USART6_TX_BUFFER
                0x2000190c                USART6_RX_BUFFER
                0x2000290c                USART1_RX_BUFFER
                0x2000390c                USART3_TX_BUFFER
                0x2000490c                USART3_RX_BUFFER
                0x2000590c                UART4_TX_BUFFER
                0x2000690c                UART5_TX_BUFFER
                0x2000790c                USART1_TX_BUFFER
                0x2000890c                . = ALIGN (0x4)
                0x2000890c                _ebss = .
                0x2000890c                PROVIDE (end, .)

.noinit_RAM2    0x2001c000        0x0
 *(.noinit.$RAM2*)
 *(.noinit.$PeriphRam16*)
                0x2001c000                . = ALIGN (0x4)

.noinit_RAM3    0x10000000        0x0
 *(.noinit.$RAM3*)
 *(.noinit.$Ram64*)
                0x10000000                . = ALIGN (0x4)

.noinit         0x2000890c        0x0
                0x2000890c                _noinit = .
 *(.noinit*)
                0x2000890c                . = ALIGN (0x4)
                0x2000890c                _end_noinit = .
                0x2000890c                PROVIDE (_pvHeapStart, .)
                0x2001c000                PROVIDE (_vStackTop, (__top_Ram112 - 0x0))
OUTPUT(spinInterface.axf elf32-littlearm)

.debug_info     0x00000000     0x8247
 .debug_info    0x00000000      0x3f4 ./src/cr_startup_stm32f4xx.o
 .debug_info    0x000003f4       0xba ./src/irq_handlers.o
 .debug_info    0x000004ae      0x304 ./src/leds.o
 .debug_info    0x000007b2      0x952 ./src/main.o
 .debug_info    0x00001104      0x48c ./src/omnibot.o
 .debug_info    0x00001590      0x913 ./src/spin_link.o
 .debug_info    0x00001ea3      0x3a3 ./src/timer.o
 .debug_info    0x00002246      0xac5 ./src/usart.o
 .debug_info    0x00002d0b      0x598 D:\Dropbox\programming\spiNNaker-IOBoard\uC\StdPeriphLib_v100_STM32F4xx\Release\libStdPeriphLib_v100_STM32F4xx.a(misc.o)
 .debug_info    0x000032a3      0x78f D:\Dropbox\programming\spiNNaker-IOBoard\uC\StdPeriphLib_v100_STM32F4xx\Release\libStdPeriphLib_v100_STM32F4xx.a(stm32f4xx_dma.o)
 .debug_info    0x00003a32      0x372 D:\Dropbox\programming\spiNNaker-IOBoard\uC\StdPeriphLib_v100_STM32F4xx\Release\libStdPeriphLib_v100_STM32F4xx.a(stm32f4xx_exti.o)
 .debug_info    0x00003da4      0x62f D:\Dropbox\programming\spiNNaker-IOBoard\uC\StdPeriphLib_v100_STM32F4xx\Release\libStdPeriphLib_v100_STM32F4xx.a(stm32f4xx_gpio.o)
 .debug_info    0x000043d3      0xd11 D:\Dropbox\programming\spiNNaker-IOBoard\uC\StdPeriphLib_v100_STM32F4xx\Release\libStdPeriphLib_v100_STM32F4xx.a(stm32f4xx_rcc.o)
 .debug_info    0x000050e4      0x279 D:\Dropbox\programming\spiNNaker-IOBoard\uC\StdPeriphLib_v100_STM32F4xx\Release\libStdPeriphLib_v100_STM32F4xx.a(stm32f4xx_syscfg.o)
 .debug_info    0x0000535d     0x1ebc D:\Dropbox\programming\spiNNaker-IOBoard\uC\StdPeriphLib_v100_STM32F4xx\Release\libStdPeriphLib_v100_STM32F4xx.a(stm32f4xx_tim.o)
 .debug_info    0x00007219      0xa3a D:\Dropbox\programming\spiNNaker-IOBoard\uC\StdPeriphLib_v100_STM32F4xx\Release\libStdPeriphLib_v100_STM32F4xx.a(stm32f4xx_usart.o)
 .debug_info    0x00007c53      0x5f4 D:\Dropbox\programming\spiNNaker-IOBoard\uC\CMSISv2p10_STM32F4xx\Release\libCMSISv2p10_STM32F4xx.a(system_stm32f4xx.o)

.debug_abbrev   0x00000000     0x1a40
 .debug_abbrev  0x00000000      0x160 ./src/cr_startup_stm32f4xx.o
 .debug_abbrev  0x00000160       0x60 ./src/irq_handlers.o
 .debug_abbrev  0x000001c0      0x142 ./src/leds.o
 .debug_abbrev  0x00000302      0x1a6 ./src/main.o
 .debug_abbrev  0x000004a8      0x1ad ./src/omnibot.o
 .debug_abbrev  0x00000655      0x25a ./src/spin_link.o
 .debug_abbrev  0x000008af       0xf6 ./src/timer.o
 .debug_abbrev  0x000009a5      0x1ac ./src/usart.o
 .debug_abbrev  0x00000b51      0x14e D:\Dropbox\programming\spiNNaker-IOBoard\uC\StdPeriphLib_v100_STM32F4xx\Release\libStdPeriphLib_v100_STM32F4xx.a(misc.o)
 .debug_abbrev  0x00000c9f      0x19e D:\Dropbox\programming\spiNNaker-IOBoard\uC\StdPeriphLib_v100_STM32F4xx\Release\libStdPeriphLib_v100_STM32F4xx.a(stm32f4xx_dma.o)
 .debug_abbrev  0x00000e3d      0x1cf D:\Dropbox\programming\spiNNaker-IOBoard\uC\StdPeriphLib_v100_STM32F4xx\Release\libStdPeriphLib_v100_STM32F4xx.a(stm32f4xx_exti.o)
 .debug_abbrev  0x0000100c      0x1d0 D:\Dropbox\programming\spiNNaker-IOBoard\uC\StdPeriphLib_v100_STM32F4xx\Release\libStdPeriphLib_v100_STM32F4xx.a(stm32f4xx_gpio.o)
 .debug_abbrev  0x000011dc      0x1f8 D:\Dropbox\programming\spiNNaker-IOBoard\uC\StdPeriphLib_v100_STM32F4xx\Release\libStdPeriphLib_v100_STM32F4xx.a(stm32f4xx_rcc.o)
 .debug_abbrev  0x000013d4      0x152 D:\Dropbox\programming\spiNNaker-IOBoard\uC\StdPeriphLib_v100_STM32F4xx\Release\libStdPeriphLib_v100_STM32F4xx.a(stm32f4xx_syscfg.o)
 .debug_abbrev  0x00001526      0x23f D:\Dropbox\programming\spiNNaker-IOBoard\uC\StdPeriphLib_v100_STM32F4xx\Release\libStdPeriphLib_v100_STM32F4xx.a(stm32f4xx_tim.o)
 .debug_abbrev  0x00001765      0x1ad D:\Dropbox\programming\spiNNaker-IOBoard\uC\StdPeriphLib_v100_STM32F4xx\Release\libStdPeriphLib_v100_STM32F4xx.a(stm32f4xx_usart.o)
 .debug_abbrev  0x00001912      0x12e D:\Dropbox\programming\spiNNaker-IOBoard\uC\CMSISv2p10_STM32F4xx\Release\libCMSISv2p10_STM32F4xx.a(system_stm32f4xx.o)

.debug_loc      0x00000000     0x406b
 .debug_loc     0x00000000      0x31c ./src/cr_startup_stm32f4xx.o
 .debug_loc     0x0000031c       0x2c ./src/leds.o
 .debug_loc     0x00000348      0xa01 ./src/main.o
 .debug_loc     0x00000d49      0x2fb ./src/omnibot.o
 .debug_loc     0x00001044      0x287 ./src/spin_link.o
 .debug_loc     0x000012cb       0x2c ./src/timer.o
 .debug_loc     0x000012f7      0x38a ./src/usart.o
 .debug_loc     0x00001681      0x112 D:\Dropbox\programming\spiNNaker-IOBoard\uC\StdPeriphLib_v100_STM32F4xx\Release\libStdPeriphLib_v100_STM32F4xx.a(misc.o)
 .debug_loc     0x00001793      0x318 D:\Dropbox\programming\spiNNaker-IOBoard\uC\StdPeriphLib_v100_STM32F4xx\Release\libStdPeriphLib_v100_STM32F4xx.a(stm32f4xx_dma.o)
 .debug_loc     0x00001aab      0x159 D:\Dropbox\programming\spiNNaker-IOBoard\uC\StdPeriphLib_v100_STM32F4xx\Release\libStdPeriphLib_v100_STM32F4xx.a(stm32f4xx_exti.o)
 .debug_loc     0x00001c04      0x28b D:\Dropbox\programming\spiNNaker-IOBoard\uC\StdPeriphLib_v100_STM32F4xx\Release\libStdPeriphLib_v100_STM32F4xx.a(stm32f4xx_gpio.o)
 .debug_loc     0x00001e8f      0x706 D:\Dropbox\programming\spiNNaker-IOBoard\uC\StdPeriphLib_v100_STM32F4xx\Release\libStdPeriphLib_v100_STM32F4xx.a(stm32f4xx_rcc.o)
 .debug_loc     0x00002595       0x9d D:\Dropbox\programming\spiNNaker-IOBoard\uC\StdPeriphLib_v100_STM32F4xx\Release\libStdPeriphLib_v100_STM32F4xx.a(stm32f4xx_syscfg.o)
 .debug_loc     0x00002632     0x13d4 D:\Dropbox\programming\spiNNaker-IOBoard\uC\StdPeriphLib_v100_STM32F4xx\Release\libStdPeriphLib_v100_STM32F4xx.a(stm32f4xx_tim.o)
 .debug_loc     0x00003a06      0x5ab D:\Dropbox\programming\spiNNaker-IOBoard\uC\StdPeriphLib_v100_STM32F4xx\Release\libStdPeriphLib_v100_STM32F4xx.a(stm32f4xx_usart.o)
 .debug_loc     0x00003fb1       0xba D:\Dropbox\programming\spiNNaker-IOBoard\uC\CMSISv2p10_STM32F4xx\Release\libCMSISv2p10_STM32F4xx.a(system_stm32f4xx.o)

.debug_aranges  0x00000000      0xa20
 .debug_aranges
                0x00000000       0x80 ./src/cr_startup_stm32f4xx.o
 .debug_aranges
                0x00000080       0x38 ./src/leds.o
 .debug_aranges
                0x000000b8       0x28 ./src/main.o
 .debug_aranges
                0x000000e0       0x48 ./src/omnibot.o
 .debug_aranges
                0x00000128       0x80 ./src/spin_link.o
 .debug_aranges
                0x000001a8       0x28 ./src/timer.o
 .debug_aranges
                0x000001d0       0xb0 ./src/usart.o
 .debug_aranges
                0x00000280       0x40 D:\Dropbox\programming\spiNNaker-IOBoard\uC\StdPeriphLib_v100_STM32F4xx\Release\libStdPeriphLib_v100_STM32F4xx.a(misc.o)
 .debug_aranges
                0x000002c0       0xb0 D:\Dropbox\programming\spiNNaker-IOBoard\uC\StdPeriphLib_v100_STM32F4xx\Release\libStdPeriphLib_v100_STM32F4xx.a(stm32f4xx_dma.o)
 .debug_aranges
                0x00000370       0x58 D:\Dropbox\programming\spiNNaker-IOBoard\uC\StdPeriphLib_v100_STM32F4xx\Release\libStdPeriphLib_v100_STM32F4xx.a(stm32f4xx_exti.o)
 .debug_aranges
                0x000003c8       0x88 D:\Dropbox\programming\spiNNaker-IOBoard\uC\StdPeriphLib_v100_STM32F4xx\Release\libStdPeriphLib_v100_STM32F4xx.a(stm32f4xx_gpio.o)
 .debug_aranges
                0x00000450      0x178 D:\Dropbox\programming\spiNNaker-IOBoard\uC\StdPeriphLib_v100_STM32F4xx\Release\libStdPeriphLib_v100_STM32F4xx.a(stm32f4xx_rcc.o)
 .debug_aranges
                0x000005c8       0x48 D:\Dropbox\programming\spiNNaker-IOBoard\uC\StdPeriphLib_v100_STM32F4xx\Release\libStdPeriphLib_v100_STM32F4xx.a(stm32f4xx_syscfg.o)
 .debug_aranges
                0x00000610      0x2e8 D:\Dropbox\programming\spiNNaker-IOBoard\uC\StdPeriphLib_v100_STM32F4xx\Release\libStdPeriphLib_v100_STM32F4xx.a(stm32f4xx_tim.o)
 .debug_aranges
                0x000008f8      0x100 D:\Dropbox\programming\spiNNaker-IOBoard\uC\StdPeriphLib_v100_STM32F4xx\Release\libStdPeriphLib_v100_STM32F4xx.a(stm32f4xx_usart.o)
 .debug_aranges
                0x000009f8       0x28 D:\Dropbox\programming\spiNNaker-IOBoard\uC\CMSISv2p10_STM32F4xx\Release\libCMSISv2p10_STM32F4xx.a(system_stm32f4xx.o)

.debug_ranges   0x00000000      0xa20
 .debug_ranges  0x00000000       0xd0 ./src/cr_startup_stm32f4xx.o
 .debug_ranges  0x000000d0       0x28 ./src/leds.o
 .debug_ranges  0x000000f8       0x30 ./src/main.o
 .debug_ranges  0x00000128       0x50 ./src/omnibot.o
 .debug_ranges  0x00000178       0x70 ./src/spin_link.o
 .debug_ranges  0x000001e8       0x18 ./src/timer.o
 .debug_ranges  0x00000200       0xa0 ./src/usart.o
 .debug_ranges  0x000002a0       0x30 D:\Dropbox\programming\spiNNaker-IOBoard\uC\StdPeriphLib_v100_STM32F4xx\Release\libStdPeriphLib_v100_STM32F4xx.a(misc.o)
 .debug_ranges  0x000002d0       0xa0 D:\Dropbox\programming\spiNNaker-IOBoard\uC\StdPeriphLib_v100_STM32F4xx\Release\libStdPeriphLib_v100_STM32F4xx.a(stm32f4xx_dma.o)
 .debug_ranges  0x00000370       0x48 D:\Dropbox\programming\spiNNaker-IOBoard\uC\StdPeriphLib_v100_STM32F4xx\Release\libStdPeriphLib_v100_STM32F4xx.a(stm32f4xx_exti.o)
 .debug_ranges  0x000003b8       0x78 D:\Dropbox\programming\spiNNaker-IOBoard\uC\StdPeriphLib_v100_STM32F4xx\Release\libStdPeriphLib_v100_STM32F4xx.a(stm32f4xx_gpio.o)
 .debug_ranges  0x00000430      0x168 D:\Dropbox\programming\spiNNaker-IOBoard\uC\StdPeriphLib_v100_STM32F4xx\Release\libStdPeriphLib_v100_STM32F4xx.a(stm32f4xx_rcc.o)
 .debug_ranges  0x00000598       0x38 D:\Dropbox\programming\spiNNaker-IOBoard\uC\StdPeriphLib_v100_STM32F4xx\Release\libStdPeriphLib_v100_STM32F4xx.a(stm32f4xx_syscfg.o)
 .debug_ranges  0x000005d0      0x348 D:\Dropbox\programming\spiNNaker-IOBoard\uC\StdPeriphLib_v100_STM32F4xx\Release\libStdPeriphLib_v100_STM32F4xx.a(stm32f4xx_tim.o)
 .debug_ranges  0x00000918       0xf0 D:\Dropbox\programming\spiNNaker-IOBoard\uC\StdPeriphLib_v100_STM32F4xx\Release\libStdPeriphLib_v100_STM32F4xx.a(stm32f4xx_usart.o)
 .debug_ranges  0x00000a08       0x18 D:\Dropbox\programming\spiNNaker-IOBoard\uC\CMSISv2p10_STM32F4xx\Release\libCMSISv2p10_STM32F4xx.a(system_stm32f4xx.o)

.debug_line     0x00000000     0x38b7
 .debug_line    0x00000000      0x1d5 ./src/cr_startup_stm32f4xx.o
 .debug_line    0x000001d5      0x110 ./src/irq_handlers.o
 .debug_line    0x000002e5      0x1d2 ./src/leds.o
 .debug_line    0x000004b7      0x310 ./src/main.o
 .debug_line    0x000007c7      0x3ef ./src/omnibot.o
 .debug_line    0x00000bb6      0x3bf ./src/spin_link.o
 .debug_line    0x00000f75      0x1b1 ./src/timer.o
 .debug_line    0x00001126      0x5c5 ./src/usart.o
 .debug_line    0x000016eb      0x1e7 D:\Dropbox\programming\spiNNaker-IOBoard\uC\StdPeriphLib_v100_STM32F4xx\Release\libStdPeriphLib_v100_STM32F4xx.a(misc.o)
 .debug_line    0x000018d2      0x378 D:\Dropbox\programming\spiNNaker-IOBoard\uC\StdPeriphLib_v100_STM32F4xx\Release\libStdPeriphLib_v100_STM32F4xx.a(stm32f4xx_dma.o)
 .debug_line    0x00001c4a      0x23a D:\Dropbox\programming\spiNNaker-IOBoard\uC\StdPeriphLib_v100_STM32F4xx\Release\libStdPeriphLib_v100_STM32F4xx.a(stm32f4xx_exti.o)
 .debug_line    0x00001e84      0x2d4 D:\Dropbox\programming\spiNNaker-IOBoard\uC\StdPeriphLib_v100_STM32F4xx\Release\libStdPeriphLib_v100_STM32F4xx.a(stm32f4xx_gpio.o)
 .debug_line    0x00002158      0x52b D:\Dropbox\programming\spiNNaker-IOBoard\uC\StdPeriphLib_v100_STM32F4xx\Release\libStdPeriphLib_v100_STM32F4xx.a(stm32f4xx_rcc.o)
 .debug_line    0x00002683      0x199 D:\Dropbox\programming\spiNNaker-IOBoard\uC\StdPeriphLib_v100_STM32F4xx\Release\libStdPeriphLib_v100_STM32F4xx.a(stm32f4xx_syscfg.o)
 .debug_line    0x0000281c      0xa8e D:\Dropbox\programming\spiNNaker-IOBoard\uC\StdPeriphLib_v100_STM32F4xx\Release\libStdPeriphLib_v100_STM32F4xx.a(stm32f4xx_tim.o)
 .debug_line    0x000032aa      0x481 D:\Dropbox\programming\spiNNaker-IOBoard\uC\StdPeriphLib_v100_STM32F4xx\Release\libStdPeriphLib_v100_STM32F4xx.a(stm32f4xx_usart.o)
 .debug_line    0x0000372b      0x18c D:\Dropbox\programming\spiNNaker-IOBoard\uC\CMSISv2p10_STM32F4xx\Release\libCMSISv2p10_STM32F4xx.a(system_stm32f4xx.o)

.debug_str      0x00000000     0x31f5
 .debug_str     0x00000000      0x268 ./src/cr_startup_stm32f4xx.o
                                0x298 (size before relaxing)
 .debug_str     0x00000268       0x2c ./src/irq_handlers.o
                                0x145 (size before relaxing)
 .debug_str     0x00000294      0x1dc ./src/leds.o
                                0x2fe (size before relaxing)
 .debug_str     0x00000470      0x2f3 ./src/main.o
                                0x464 (size before relaxing)
 .debug_str     0x00000763       0xe8 ./src/omnibot.o
                                0x2bf (size before relaxing)
 .debug_str     0x0000084b      0x822 ./src/spin_link.o
                                0xb27 (size before relaxing)
 .debug_str     0x0000106d       0xa0 ./src/timer.o
                                0x2c2 (size before relaxing)
 .debug_str     0x0000110d      0x468 ./src/usart.o
                                0x7e7 (size before relaxing)
 .debug_str     0x00001575      0x225 D:\Dropbox\programming\spiNNaker-IOBoard\uC\StdPeriphLib_v100_STM32F4xx\Release\libStdPeriphLib_v100_STM32F4xx.a(misc.o)
                                0x386 (size before relaxing)
 .debug_str     0x0000179a      0x253 D:\Dropbox\programming\spiNNaker-IOBoard\uC\StdPeriphLib_v100_STM32F4xx\Release\libStdPeriphLib_v100_STM32F4xx.a(stm32f4xx_dma.o)
                                0x4f9 (size before relaxing)
 .debug_str     0x000019ed       0xce D:\Dropbox\programming\spiNNaker-IOBoard\uC\StdPeriphLib_v100_STM32F4xx\Release\libStdPeriphLib_v100_STM32F4xx.a(stm32f4xx_exti.o)
                                0x31b (size before relaxing)
 .debug_str     0x00001abb      0x16b D:\Dropbox\programming\spiNNaker-IOBoard\uC\StdPeriphLib_v100_STM32F4xx\Release\libStdPeriphLib_v100_STM32F4xx.a(stm32f4xx_gpio.o)
                                0x450 (size before relaxing)
 .debug_str     0x00001c26      0x603 D:\Dropbox\programming\spiNNaker-IOBoard\uC\StdPeriphLib_v100_STM32F4xx\Release\libStdPeriphLib_v100_STM32F4xx.a(stm32f4xx_rcc.o)
                                0x7fd (size before relaxing)
 .debug_str     0x00002229      0x131 D:\Dropbox\programming\spiNNaker-IOBoard\uC\StdPeriphLib_v100_STM32F4xx\Release\libStdPeriphLib_v100_STM32F4xx.a(stm32f4xx_syscfg.o)
                                0x2ac (size before relaxing)
 .debug_str     0x0000235a      0xa54 D:\Dropbox\programming\spiNNaker-IOBoard\uC\StdPeriphLib_v100_STM32F4xx\Release\libStdPeriphLib_v100_STM32F4xx.a(stm32f4xx_tim.o)
                                0xd7d (size before relaxing)
 .debug_str     0x00002dae      0x37f D:\Dropbox\programming\spiNNaker-IOBoard\uC\StdPeriphLib_v100_STM32F4xx\Release\libStdPeriphLib_v100_STM32F4xx.a(stm32f4xx_usart.o)
                                0x63c (size before relaxing)
 .debug_str     0x0000312d       0xc8 D:\Dropbox\programming\spiNNaker-IOBoard\uC\CMSISv2p10_STM32F4xx\Release\libCMSISv2p10_STM32F4xx.a(system_stm32f4xx.o)
                                0x337 (size before relaxing)

.comment        0x00000000       0xe0
 .comment       0x00000000       0x70 ./src/cr_startup_stm32f4xx.o
                                 0x71 (size before relaxing)
 .comment       0x00000000       0x71 ./src/irq_handlers.o
 .comment       0x00000000       0x71 ./src/leds.o
 .comment       0x00000000       0x71 ./src/main.o
 .comment       0x00000000       0x71 ./src/omnibot.o
 .comment       0x00000000       0x71 ./src/spin_link.o
 .comment       0x00000000       0x71 ./src/timer.o
 .comment       0x00000000       0x71 ./src/usart.o
 .comment       0x00000070       0x70 D:\Dropbox\programming\spiNNaker-IOBoard\uC\StdPeriphLib_v100_STM32F4xx\Release\libStdPeriphLib_v100_STM32F4xx.a(misc.o)
                                 0x71 (size before relaxing)
 .comment       0x00000000       0x71 D:\Dropbox\programming\spiNNaker-IOBoard\uC\StdPeriphLib_v100_STM32F4xx\Release\libStdPeriphLib_v100_STM32F4xx.a(stm32f4xx_dma.o)
 .comment       0x00000000       0x71 D:\Dropbox\programming\spiNNaker-IOBoard\uC\StdPeriphLib_v100_STM32F4xx\Release\libStdPeriphLib_v100_STM32F4xx.a(stm32f4xx_exti.o)
 .comment       0x00000000       0x71 D:\Dropbox\programming\spiNNaker-IOBoard\uC\StdPeriphLib_v100_STM32F4xx\Release\libStdPeriphLib_v100_STM32F4xx.a(stm32f4xx_gpio.o)
 .comment       0x00000000       0x71 D:\Dropbox\programming\spiNNaker-IOBoard\uC\StdPeriphLib_v100_STM32F4xx\Release\libStdPeriphLib_v100_STM32F4xx.a(stm32f4xx_rcc.o)
 .comment       0x00000000       0x71 D:\Dropbox\programming\spiNNaker-IOBoard\uC\StdPeriphLib_v100_STM32F4xx\Release\libStdPeriphLib_v100_STM32F4xx.a(stm32f4xx_syscfg.o)
 .comment       0x00000000       0x71 D:\Dropbox\programming\spiNNaker-IOBoard\uC\StdPeriphLib_v100_STM32F4xx\Release\libStdPeriphLib_v100_STM32F4xx.a(stm32f4xx_tim.o)
 .comment       0x00000000       0x71 D:\Dropbox\programming\spiNNaker-IOBoard\uC\StdPeriphLib_v100_STM32F4xx\Release\libStdPeriphLib_v100_STM32F4xx.a(stm32f4xx_usart.o)
 .comment       0x00000000       0x71 D:\Dropbox\programming\spiNNaker-IOBoard\uC\CMSISv2p10_STM32F4xx\Release\libCMSISv2p10_STM32F4xx.a(system_stm32f4xx.o)
 .comment       0x00000000       0x71 c:/code_red/redsuite_5.1.0_2048/redsuite/tools/bin/../lib/gcc/arm-none-eabi/4.6.2/../../../../arm-none-eabi/lib/armv7e-m/softfp\libcr_c.a(memcpy.o)
 .comment       0x00000000       0x71 c:/code_red/redsuite_5.1.0_2048/redsuite/tools/bin/../lib/gcc/arm-none-eabi/4.6.2/../../../../arm-none-eabi/lib/armv7e-m/softfp\libcr_c.a(__weak__main.o)
 .comment       0x00000000       0x71 c:/code_red/redsuite_5.1.0_2048/redsuite/tools/bin/../lib/gcc/arm-none-eabi/4.6.2/../../../../arm-none-eabi/lib/armv7e-m/softfp\libcr_c.a(itoa.o)
 .comment       0x00000000       0x71 c:/code_red/redsuite_5.1.0_2048/redsuite/tools/bin/../lib/gcc/arm-none-eabi/4.6.2/../../../../arm-none-eabi/lib/armv7e-m/softfp\libcr_c.a(strcat.o)
 .comment       0x00000000       0x71 c:/code_red/redsuite_5.1.0_2048/redsuite/tools/bin/../lib/gcc/arm-none-eabi/4.6.2/../../../../arm-none-eabi/lib/armv7e-m/softfp\libcr_c.a(strcpy.o)

.ARM.attributes
                0x00000000       0x37
 .ARM.attributes
                0x00000000       0x39 ./src/cr_startup_stm32f4xx.o
 .ARM.attributes
                0x00000039       0x39 ./src/irq_handlers.o
 .ARM.attributes
                0x00000072       0x39 ./src/leds.o
 .ARM.attributes
                0x000000ab       0x39 ./src/main.o
 .ARM.attributes
                0x000000e4       0x39 ./src/omnibot.o
 .ARM.attributes
                0x0000011d       0x39 ./src/spin_link.o
 .ARM.attributes
                0x00000156       0x39 ./src/timer.o
 .ARM.attributes
                0x0000018f       0x39 ./src/usart.o
 .ARM.attributes
                0x000001c8       0x39 D:\Dropbox\programming\spiNNaker-IOBoard\uC\StdPeriphLib_v100_STM32F4xx\Release\libStdPeriphLib_v100_STM32F4xx.a(misc.o)
 .ARM.attributes
                0x00000201       0x39 D:\Dropbox\programming\spiNNaker-IOBoard\uC\StdPeriphLib_v100_STM32F4xx\Release\libStdPeriphLib_v100_STM32F4xx.a(stm32f4xx_dma.o)
 .ARM.attributes
                0x0000023a       0x39 D:\Dropbox\programming\spiNNaker-IOBoard\uC\StdPeriphLib_v100_STM32F4xx\Release\libStdPeriphLib_v100_STM32F4xx.a(stm32f4xx_exti.o)
 .ARM.attributes
                0x00000273       0x39 D:\Dropbox\programming\spiNNaker-IOBoard\uC\StdPeriphLib_v100_STM32F4xx\Release\libStdPeriphLib_v100_STM32F4xx.a(stm32f4xx_gpio.o)
 .ARM.attributes
                0x000002ac       0x39 D:\Dropbox\programming\spiNNaker-IOBoard\uC\StdPeriphLib_v100_STM32F4xx\Release\libStdPeriphLib_v100_STM32F4xx.a(stm32f4xx_rcc.o)
 .ARM.attributes
                0x000002e5       0x39 D:\Dropbox\programming\spiNNaker-IOBoard\uC\StdPeriphLib_v100_STM32F4xx\Release\libStdPeriphLib_v100_STM32F4xx.a(stm32f4xx_syscfg.o)
 .ARM.attributes
                0x0000031e       0x39 D:\Dropbox\programming\spiNNaker-IOBoard\uC\StdPeriphLib_v100_STM32F4xx\Release\libStdPeriphLib_v100_STM32F4xx.a(stm32f4xx_tim.o)
 .ARM.attributes
                0x00000357       0x39 D:\Dropbox\programming\spiNNaker-IOBoard\uC\StdPeriphLib_v100_STM32F4xx\Release\libStdPeriphLib_v100_STM32F4xx.a(stm32f4xx_usart.o)
 .ARM.attributes
                0x00000390       0x33 D:\Dropbox\programming\spiNNaker-IOBoard\uC\CMSISv2p10_STM32F4xx\Release\libCMSISv2p10_STM32F4xx.a(system_stm32f4xx.o)
 .ARM.attributes
                0x000003c3       0x39 c:/code_red/redsuite_5.1.0_2048/redsuite/tools/bin/../lib/gcc/arm-none-eabi/4.6.2/../../../../arm-none-eabi/lib/armv7e-m/softfp\libcr_c.a(memcpy.o)
 .ARM.attributes
                0x000003fc       0x39 c:/code_red/redsuite_5.1.0_2048/redsuite/tools/bin/../lib/gcc/arm-none-eabi/4.6.2/../../../../arm-none-eabi/lib/armv7e-m/softfp\libcr_c.a(__weak__main.o)
 .ARM.attributes
                0x00000435       0x39 c:/code_red/redsuite_5.1.0_2048/redsuite/tools/bin/../lib/gcc/arm-none-eabi/4.6.2/../../../../arm-none-eabi/lib/armv7e-m/softfp\libcr_c.a(itoa.o)
 .ARM.attributes
                0x0000046e       0x39 c:/code_red/redsuite_5.1.0_2048/redsuite/tools/bin/../lib/gcc/arm-none-eabi/4.6.2/../../../../arm-none-eabi/lib/armv7e-m/softfp\libcr_c.a(strcat.o)
 .ARM.attributes
                0x000004a7       0x39 c:/code_red/redsuite_5.1.0_2048/redsuite/tools/bin/../lib/gcc/arm-none-eabi/4.6.2/../../../../arm-none-eabi/lib/armv7e-m/softfp\libcr_c.a(strcpy.o)
 .ARM.attributes
                0x000004e0       0x27 c:/code_red/redsuite_5.1.0_2048/redsuite/tools/bin/../lib/gcc/arm-none-eabi/4.6.2/armv7e-m/softfp\libcr_eabihelpers.a(memcpy.o)

.debug_frame    0x00000000     0x1570
 .debug_frame   0x00000000      0x100 ./src/cr_startup_stm32f4xx.o
 .debug_frame   0x00000100       0x5c ./src/leds.o
 .debug_frame   0x0000015c       0x4c ./src/main.o
 .debug_frame   0x000001a8       0xb4 ./src/omnibot.o
 .debug_frame   0x0000025c      0x144 ./src/spin_link.o
 .debug_frame   0x000003a0       0x3c ./src/timer.o
 .debug_frame   0x000003dc      0x204 ./src/usart.o
 .debug_frame   0x000005e0       0x68 D:\Dropbox\programming\spiNNaker-IOBoard\uC\StdPeriphLib_v100_STM32F4xx\Release\libStdPeriphLib_v100_STM32F4xx.a(misc.o)
 .debug_frame   0x00000648      0x168 D:\Dropbox\programming\spiNNaker-IOBoard\uC\StdPeriphLib_v100_STM32F4xx\Release\libStdPeriphLib_v100_STM32F4xx.a(stm32f4xx_dma.o)
 .debug_frame   0x000007b0       0x98 D:\Dropbox\programming\spiNNaker-IOBoard\uC\StdPeriphLib_v100_STM32F4xx\Release\libStdPeriphLib_v100_STM32F4xx.a(stm32f4xx_exti.o)
 .debug_frame   0x00000848      0x11c D:\Dropbox\programming\spiNNaker-IOBoard\uC\StdPeriphLib_v100_STM32F4xx\Release\libStdPeriphLib_v100_STM32F4xx.a(stm32f4xx_gpio.o)
 .debug_frame   0x00000964      0x2e4 D:\Dropbox\programming\spiNNaker-IOBoard\uC\StdPeriphLib_v100_STM32F4xx\Release\libStdPeriphLib_v100_STM32F4xx.a(stm32f4xx_rcc.o)
 .debug_frame   0x00000c48       0x84 D:\Dropbox\programming\spiNNaker-IOBoard\uC\StdPeriphLib_v100_STM32F4xx\Release\libStdPeriphLib_v100_STM32F4xx.a(stm32f4xx_syscfg.o)
 .debug_frame   0x00000ccc      0x668 D:\Dropbox\programming\spiNNaker-IOBoard\uC\StdPeriphLib_v100_STM32F4xx\Release\libStdPeriphLib_v100_STM32F4xx.a(stm32f4xx_tim.o)
 .debug_frame   0x00001334      0x20c D:\Dropbox\programming\spiNNaker-IOBoard\uC\StdPeriphLib_v100_STM32F4xx\Release\libStdPeriphLib_v100_STM32F4xx.a(stm32f4xx_usart.o)
 .debug_frame   0x00001540       0x30 D:\Dropbox\programming\spiNNaker-IOBoard\uC\CMSISv2p10_STM32F4xx\Release\libCMSISv2p10_STM32F4xx.a(system_stm32f4xx.o)
