Archive member included because of file (symbol)

D:\Dropbox\programming\spiNNaker-IOBoard\uC\StdPeriphLib_v100_STM32F4xx\Release\libStdPeriphLib_v100_STM32F4xx.a(misc.o)
                              ./src/spin_link.o (NVIC_Init)
D:\Dropbox\programming\spiNNaker-IOBoard\uC\StdPeriphLib_v100_STM32F4xx\Release\libStdPeriphLib_v100_STM32F4xx.a(stm32f4xx_dma.o)
                              ./src/main.o (DMA_DeInit)
D:\Dropbox\programming\spiNNaker-IOBoard\uC\StdPeriphLib_v100_STM32F4xx\Release\libStdPeriphLib_v100_STM32F4xx.a(stm32f4xx_exti.o)
                              ./src/main.o (EXTI_DeInit)
D:\Dropbox\programming\spiNNaker-IOBoard\uC\StdPeriphLib_v100_STM32F4xx\Release\libStdPeriphLib_v100_STM32F4xx.a(stm32f4xx_gpio.o)
                              ./src/main.o (GPIO_DeInit)
D:\Dropbox\programming\spiNNaker-IOBoard\uC\StdPeriphLib_v100_STM32F4xx\Release\libStdPeriphLib_v100_STM32F4xx.a(stm32f4xx_rcc.o)
                              ./src/leds.o (RCC_AHB1PeriphClockCmd)
D:\Dropbox\programming\spiNNaker-IOBoard\uC\StdPeriphLib_v100_STM32F4xx\Release\libStdPeriphLib_v100_STM32F4xx.a(stm32f4xx_syscfg.o)
                              ./src/spin_link.o (SYSCFG_EXTILineConfig)
D:\Dropbox\programming\spiNNaker-IOBoard\uC\StdPeriphLib_v100_STM32F4xx\Release\libStdPeriphLib_v100_STM32F4xx.a(stm32f4xx_tim.o)
                              ./src/main.o (TIM_DeInit)
D:\Dropbox\programming\spiNNaker-IOBoard\uC\StdPeriphLib_v100_STM32F4xx\Release\libStdPeriphLib_v100_STM32F4xx.a(stm32f4xx_usart.o)
                              ./src/main.o (USART_DeInit)
D:\Dropbox\programming\spiNNaker-IOBoard\uC\CMSISv2p10_STM32F4xx\Release\libCMSISv2p10_STM32F4xx.a(system_stm32f4xx.o)
                              ./src/cr_startup_stm32f4xx.o (SystemInit)
c:/code_red/redsuite_5.0.12_1119/redsuite/tools/bin/../lib/gcc/arm-none-eabi/4.6.2/../../../../arm-none-eabi/lib/armv7e-m/softfp\libcr_c.a(memcpy.o)
                              ./src/spin_link.o (memcpy)
c:/code_red/redsuite_5.0.12_1119/redsuite/tools/bin/../lib/gcc/arm-none-eabi/4.6.2/../../../../arm-none-eabi/lib/armv7e-m/softfp\libcr_c.a(__weak__main.o)
                              ./src/cr_startup_stm32f4xx.o (__main)
c:/code_red/redsuite_5.0.12_1119/redsuite/tools/bin/../lib/gcc/arm-none-eabi/4.6.2/../../../../arm-none-eabi/lib/armv7e-m/softfp\libcr_c.a(fabs.o)
                              ./src/omnibot_rate_coding_helper.o (fabs)
c:/code_red/redsuite_5.0.12_1119/redsuite/tools/bin/../lib/gcc/arm-none-eabi/4.6.2/../../../../arm-none-eabi/lib/armv7e-m/softfp\libcr_c.a(floor.o)
                              ./src/omnibot_rate_coding_helper.o (floor)
c:/code_red/redsuite_5.0.12_1119/redsuite/tools/bin/../lib/gcc/arm-none-eabi/4.6.2/../../../../arm-none-eabi/lib/armv7e-m/softfp\libcr_c.a(itoa.o)
                              ./src/omnibot.o (itoa)
c:/code_red/redsuite_5.0.12_1119/redsuite/tools/bin/../lib/gcc/arm-none-eabi/4.6.2/../../../../arm-none-eabi/lib/armv7e-m/softfp\libcr_c.a(strcat.o)
                              ./src/omnibot.o (strcat)
c:/code_red/redsuite_5.0.12_1119/redsuite/tools/bin/../lib/gcc/arm-none-eabi/4.6.2/../../../../arm-none-eabi/lib/armv7e-m/softfp\libcr_c.a(strcpy.o)
                              ./src/omnibot.o (strcpy)
c:/code_red/redsuite_5.0.12_1119/redsuite/tools/bin/../lib/gcc/arm-none-eabi/4.6.2/armv7e-m/softfp\libcr_eabihelpers.a(double.o)
                              ./src/omnibot_rate_coding_helper.o (__aeabi_dmul)
c:/code_red/redsuite_5.0.12_1119/redsuite/tools/bin/../lib/gcc/arm-none-eabi/4.6.2/armv7e-m/softfp\libcr_eabihelpers.a(float.o)
                              ./src/omnibot_rate_coding_helper.o (__aeabi_f2d)
c:/code_red/redsuite_5.0.12_1119/redsuite/tools/bin/../lib/gcc/arm-none-eabi/4.6.2/armv7e-m/softfp\libcr_eabihelpers.a(memcpy.o)
                              c:/code_red/redsuite_5.0.12_1119/redsuite/tools/bin/../lib/gcc/arm-none-eabi/4.6.2/../../../../arm-none-eabi/lib/armv7e-m/softfp\libcr_c.a(memcpy.o) (__aeabi_memcpy)

Allocating common symbols
Common symbol       size              file

spin_link_out       0x5f8             ./src/spin_link.o
bp                  0x18              ./src/omnibot_rate_coding_helper.o
USART6_TX_BUFFER    0x1000            ./src/usart.o
wt                  0x4               ./src/omnibot_rate_coding_helper.o
robotSensorData     0x44              ./src/omnibot.o
USART6_RX_BUFFER    0x1000            ./src/usart.o
t_payload_speed     0x4               ./src/omnibot.o
omniAvailFlag       0x4               ./src/omnibot.o
motor_command_string
                    0x64              ./src/omnibot.o
motor_init_cmd_cycle_2
                    0x4               ./src/omnibot.o
USART1_RX_BUFFER    0x1000            ./src/usart.o
bcount              0x18              ./src/omnibot_rate_coding_helper.o
t_speed             0x4               ./src/omnibot.o
motor_count         0x4               ./src/omnibot.o
y_speed             0x4               ./src/omnibot.o
[...]
Memory Configuration

Name             Origin             Length             Attributes
MFlash1024       0x08000000         0x00100000         xr
Ram112           0x20000000         0x0001c000         xrw
PeriphRam16      0x2001c000         0x00004000         xrw
Ram64            0x10000000         0x00010000         xrw
*default*        0x00000000         0xffffffff

Linker script and memory map

LOAD ./src/cr_startup_stm32f4xx.o
LOAD ./src/irq_handlers.o
LOAD ./src/leds.o
LOAD ./src/main.o
LOAD ./src/omnibot.o
LOAD ./src/omnibot_rate_coding_helper.o
LOAD ./src/spin_link.o
LOAD ./src/timer.o
LOAD ./src/usart.o
LOAD D:\Dropbox\programming\spiNNaker-IOBoard\uC\StdPeriphLib_v100_STM32F4xx\Release\libStdPeriphLib_v100_STM32F4xx.a
LOAD D:\Dropbox\programming\spiNNaker-IOBoard\uC\CMSISv2p10_STM32F4xx\Release\libCMSISv2p10_STM32F4xx.a
START GROUP
LOAD c:/code_red/redsuite_5.0.12_1119/redsuite/tools/bin/../lib/gcc/arm-none-eabi/4.6.2/../../../../arm-none-eabi/lib/armv7e-m/softfp\libcr_c.a
LOAD c:/code_red/redsuite_5.0.12_1119/redsuite/tools/bin/../lib/gcc/arm-none-eabi/4.6.2/armv7e-m/softfp\libcr_eabihelpers.a
END GROUP
                0x08100000                __top_MFlash1024 = 0x8100000
                0x2001c000                __top_Ram112 = 0x2001c000
                0x20020000                __top_PeriphRam16 = 0x20020000
                0x10010000                __top_Ram64 = 0x10010000

.text           0x08000000     0x26fc
 FILL mask 0xff
 *(.isr_vector)
 .isr_vector    0x08000000      0x188 ./src/cr_startup_stm32f4xx.o
                0x08000000                g_pfnVectors
                0x08000188                . = ALIGN (0x4)
                0x08000188                __section_table_start = .
                0x08000188                __data_section_table = .
                0x08000188        0x4 LONG 0x80026fc LOADADDR (.data)
                0x0800018c        0x4 LONG 0x20000000 ADDR (.data)
                0x08000190        0x4 LONG 0x10 SIZEOF (.data)
                0x08000194        0x4 LONG 0x80026fc LOADADDR (.data_RAM2)
                0x08000198        0x4 LONG 0x2001c000 ADDR (.data_RAM2)
                0x0800019c        0x4 LONG 0x0 SIZEOF (.data_RAM2)
                0x080001a0        0x4 LONG 0x80026fc LOADADDR (.data_RAM3)
                0x080001a4        0x4 LONG 0x10000000 ADDR (.data_RAM3)
                0x080001a8        0x4 LONG 0x0 SIZEOF (.data_RAM3)
                0x080001ac                __data_section_table_end = .
                0x080001ac                __bss_section_table = .
                0x080001ac        0x4 LONG 0x20000010 ADDR (.bss)
                0x080001b0        0x4 LONG 0x7914 SIZEOF (.bss)
                0x080001b4        0x4 LONG 0x2001c000 ADDR (.bss_RAM2)
                0x080001b8        0x4 LONG 0x0 SIZEOF (.bss_RAM2)
                0x080001bc        0x4 LONG 0x10000000 ADDR (.bss_RAM3)
                0x080001c0        0x4 LONG 0x0 SIZEOF (.bss_RAM3)
                0x080001c4                __bss_section_table_end = .
                0x080001c4                __section_table_end = .
 *(.after_vectors*)
 .after_vectors
                0x080001c4      0x138 ./src/cr_startup_stm32f4xx.o
                0x080001c4                NMI_Handler
                0x080001c8                HardFault_Handler
                0x080001cc                MemManage_Handler
                0x080001d0                BusFault_Handler
                0x080001d4                UsageFault_Handler
                0x080001d8                SVC_Handler
                0x080001dc                DebugMon_Handler
                0x080001e0                PendSV_Handler
                0x080001e4                SysTick_Handler
                0x080001e8                ResetISR
                0x08000290                data_init
                0x080002c4                bss_init
                0x080002f4                TAMP_STAMP_IRQHandler
                0x080002f4                DMA1_Stream5_IRQHandler
                0x080002f4                DMA2_Stream5_IRQHandler
                0x080002f4                CAN2_RX1_IRQHandler
                0x080002f4                SDIO_IRQHandler
                0x080002f4                TIM8_TRG_COM_TIM14_IRQHandler
                0x080002f4                TIM1_UP_TIM10_IRQHandler
                0x080002f4                TIM8_UP_TIM13_IRQHandler
                0x080002f4                I2C3_ER_IRQHandler
                0x080002f4                EXTI3_IRQHandler
                0x080002f4                EXTI0_IRQHandler
                0x080002f4                I2C2_EV_IRQHandler
                0x080002f4                DMA1_Stream2_IRQHandler
                0x080002f4                CAN1_RX0_IRQHandler
                0x080002f4                FPU_IRQHandler
                0x080002f4                OTG_HS_WKUP_IRQHandler
                0x080002f4                TIM1_CC_IRQHandler
                0x080002f4                CAN2_SCE_IRQHandler
                0x080002f4                DMA2_Stream2_IRQHandler
                0x080002f4                SPI1_IRQHandler
                0x080002f4                IntDefaultHandler
                0x080002f4                TIM6_DAC_IRQHandler
                0x080002f4                TIM1_BRK_TIM9_IRQHandler
                0x080002f4                DCMI_IRQHandler
                0x080002f4                CAN2_RX0_IRQHandler
                0x080002f4                DMA2_Stream3_IRQHandler
                0x080002f4                USART6_IRQHandler
                0x080002f4                USART3_IRQHandler
                0x080002f4                CRYP_IRQHandler
                0x080002f4                TIM8_CC_IRQHandler
                0x080002f4                UART5_IRQHandler
                0x080002f4                DMA2_Stream0_IRQHandler
                0x080002f4                TIM4_IRQHandler
                0x080002f4                PVD_IRQHandler
                0x080002f4                I2C1_EV_IRQHandler
                0x080002f4                DMA1_Stream6_IRQHandler
                0x080002f4                DMA1_Stream1_IRQHandler
                0x080002f4                UART4_IRQHandler
                0x080002f4                TIM3_IRQHandler
                0x080002f4                RCC_IRQHandler
                0x080002f4                TIM8_BRK_TIM12_IRQHandler
                0x080002f4                EXTI15_10_IRQHandler
                0x080002f4                ADC_IRQHandler
                0x080002f4                DMA1_Stream7_IRQHandler
                0x080002f4                TIM7_IRQHandler
                0x080002f4                CAN2_TX_IRQHandler
                0x080002f4                TIM5_IRQHandler
                0x080002f4                DMA2_Stream7_IRQHandler
                0x080002f4                I2C3_EV_IRQHandler
                0x080002f4                EXTI9_5_IRQHandler
                0x080002f4                RTC_WKUP_IRQHandler
                0x080002f4                ETH_WKUP_IRQHandler
                0x080002f4                SPI2_IRQHandler
                0x080002f4                OTG_HS_EP1_IN_IRQHandler
                0x080002f4                EXTI2_IRQHandler
                0x080002f4                DMA1_Stream0_IRQHandler
                0x080002f4                CAN1_TX_IRQHandler
                0x080002f4                HASH_RNG_IRQHandler
                0x080002f4                EXTI4_IRQHandler
                0x080002f4                FSMC_IRQHandler
                0x080002f4                ETH_IRQHandler
                0x080002f4                OTG_HS_EP1_OUT_IRQHandler
                0x080002f4                WWDG_IRQHandler
                0x080002f4                TIM2_IRQHandler
                0x080002f4                OTG_FS_WKUP_IRQHandler
                0x080002f4                TIM1_TRG_COM_TIM11_IRQHandler
                0x080002f4                OTG_HS_IRQHandler
                0x080002f4                EXTI1_IRQHandler
                0x080002f4                USART2_IRQHandler
                0x080002f4                CAN1_RX1_IRQHandler
                0x080002f4                I2C2_ER_IRQHandler
                0x080002f4                DMA2_Stream1_IRQHandler
                0x080002f4                CAN1_SCE_IRQHandler
                0x080002f4                FLASH_IRQHandler
                0x080002f4                DMA2_Stream4_IRQHandler
                0x080002f4                RTC_Alarm_IRQHandler
                0x080002f4                USART1_IRQHandler
                0x080002f4                OTG_FS_IRQHandler
                0x080002f4                SPI3_IRQHandler
                0x080002f4                DMA1_Stream4_IRQHandler
                0x080002f4                I2C1_ER_IRQHandler
                0x080002f4                DMA2_Stream6_IRQHandler
                0x080002f4                DMA1_Stream3_IRQHandler
 *(.text*)
 .text.led_init
                0x080002fc       0x44 ./src/leds.o
                0x080002fc                led_init
 .text.led_off  0x08000340       0x14 ./src/leds.o
                0x08000340                led_off
 .text.led_toggle
                0x08000354       0x14 ./src/leds.o
                0x08000354                led_toggle
 .text.startup.main
                0x08000368      0x788 ./src/main.o
                0x08000368                main
 .text.omnibot_sensor_data_handler
                0x08000af0      0x574 ./src/omnibot.o
                0x08000af0                omnibot_sensor_data_handler
 .text.manage_neurons
                0x08001064       0xa0 ./src/omnibot.o
                0x08001064                manage_neurons
 .text.spin_link_in_init
                0x08001104       0x70 ./src/spin_link.o
                0x08001104                spin_link_in_init
 .text.spin_link_out_init
                0x08001174       0x80 ./src/spin_link.o
                0x08001174                spin_link_out_init
 .text.spin_link_init
                0x080011f4       0x20 ./src/spin_link.o
                0x080011f4                spin_link_init
 .text.spin_link_packet_send
                0x08001214      0x180 ./src/spin_link.o
                0x08001214                spin_link_packet_send
 .text.ms_tick_init
                0x08001394       0x50 ./src/timer.o
                0x08001394                ms_tick_init
 .text.ms_tick_start
                0x080013e4       0x10 ./src/timer.o
                0x080013e4                ms_tick_start
 .text.usart_sendDataFromBuffers
                0x080013f4       0xf0 ./src/usart.o
                0x080013f4                usart_sendDataFromBuffers
 .text.usart1_sendString
                0x080014e4       0x2c ./src/usart.o
                0x080014e4                usart1_sendString
 .text.uart5_sendString
                0x08001510       0x2c ./src/usart.o
                0x08001510                uart5_sendString
 .text.usart6_sendString
                0x0800153c       0x2c ./src/usart.o
                0x0800153c                usart6_sendString
 .text.usart_init
                0x08001568      0x3d4 ./src/usart.o
                0x08001568                usart_init
 .text.DMA_DeInit
                0x0800193c      0x118 D:\Dropbox\programming\spiNNaker-IOBoard\uC\StdPeriphLib_v100_STM32F4xx\Release\libStdPeriphLib_v100_STM32F4xx.a(stm32f4xx_dma.o)
                0x0800193c                DMA_DeInit
 .text.DMA_Init
                0x08001a54       0x54 D:\Dropbox\programming\spiNNaker-IOBoard\uC\StdPeriphLib_v100_STM32F4xx\Release\libStdPeriphLib_v100_STM32F4xx.a(stm32f4xx_dma.o)
                0x08001a54                DMA_Init
 .text.DMA_StructInit
                0x08001aa8       0x22 D:\Dropbox\programming\spiNNaker-IOBoard\uC\StdPeriphLib_v100_STM32F4xx\Release\libStdPeriphLib_v100_STM32F4xx.a(stm32f4xx_dma.o)
                0x08001aa8                DMA_StructInit
 .text.DMA_Cmd  0x08001aca       0x12 D:\Dropbox\programming\spiNNaker-IOBoard\uC\StdPeriphLib_v100_STM32F4xx\Release\libStdPeriphLib_v100_STM32F4xx.a(stm32f4xx_dma.o)
                0x08001aca                DMA_Cmd
 .text.DMA_FlowControllerConfig
                0x08001adc       0x12 D:\Dropbox\programming\spiNNaker-IOBoard\uC\StdPeriphLib_v100_STM32F4xx\Release\libStdPeriphLib_v100_STM32F4xx.a(stm32f4xx_dma.o)
                0x08001adc                DMA_FlowControllerConfig
 *fill*         0x08001aee        0x2 00
 .text.EXTI_DeInit
                0x08001af0       0x1c D:\Dropbox\programming\spiNNaker-IOBoard\uC\StdPeriphLib_v100_STM32F4xx\Release\libStdPeriphLib_v100_STM32F4xx.a(stm32f4xx_exti.o)
                0x08001af0                EXTI_DeInit
 .text.GPIO_DeInit
                0x08001b0c       0xd8 D:\Dropbox\programming\spiNNaker-IOBoard\uC\StdPeriphLib_v100_STM32F4xx\Release\libStdPeriphLib_v100_STM32F4xx.a(stm32f4xx_gpio.o)
                0x08001b0c                GPIO_DeInit
 .text.GPIO_Init
                0x08001be4       0x8a D:\Dropbox\programming\spiNNaker-IOBoard\uC\StdPeriphLib_v100_STM32F4xx\Release\libStdPeriphLib_v100_STM32F4xx.a(stm32f4xx_gpio.o)
                0x08001be4                GPIO_Init
 .text.GPIO_WriteBit
                0x08001c6e        0xa D:\Dropbox\programming\spiNNaker-IOBoard\uC\StdPeriphLib_v100_STM32F4xx\Release\libStdPeriphLib_v100_STM32F4xx.a(stm32f4xx_gpio.o)
                0x08001c6e                GPIO_WriteBit
 .text.GPIO_PinAFConfig
                0x08001c78       0x2c D:\Dropbox\programming\spiNNaker-IOBoard\uC\StdPeriphLib_v100_STM32F4xx\Release\libStdPeriphLib_v100_STM32F4xx.a(stm32f4xx_gpio.o)
                0x08001c78                GPIO_PinAFConfig
 .text.RCC_GetClocksFreq
                0x08001ca4       0x8c D:\Dropbox\programming\spiNNaker-IOBoard\uC\StdPeriphLib_v100_STM32F4xx\Release\libStdPeriphLib_v100_STM32F4xx.a(stm32f4xx_rcc.o)
                0x08001ca4                RCC_GetClocksFreq
 .text.RCC_AHB1PeriphClockCmd
                0x08001d30       0x18 D:\Dropbox\programming\spiNNaker-IOBoard\uC\StdPeriphLib_v100_STM32F4xx\Release\libStdPeriphLib_v100_STM32F4xx.a(stm32f4xx_rcc.o)
                0x08001d30                RCC_AHB1PeriphClockCmd
 .text.RCC_APB1PeriphClockCmd
                0x08001d48       0x18 D:\Dropbox\programming\spiNNaker-IOBoard\uC\StdPeriphLib_v100_STM32F4xx\Release\libStdPeriphLib_v100_STM32F4xx.a(stm32f4xx_rcc.o)
                0x08001d48                RCC_APB1PeriphClockCmd
 .text.RCC_APB2PeriphClockCmd
                0x08001d60       0x18 D:\Dropbox\programming\spiNNaker-IOBoard\uC\StdPeriphLib_v100_STM32F4xx\Release\libStdPeriphLib_v100_STM32F4xx.a(stm32f4xx_rcc.o)
                0x08001d60                RCC_APB2PeriphClockCmd
 .text.RCC_AHB1PeriphResetCmd
                0x08001d78       0x18 D:\Dropbox\programming\spiNNaker-IOBoard\uC\StdPeriphLib_v100_STM32F4xx\Release\libStdPeriphLib_v100_STM32F4xx.a(stm32f4xx_rcc.o)
                0x08001d78                RCC_AHB1PeriphResetCmd
 .text.RCC_APB1PeriphResetCmd
                0x08001d90       0x18 D:\Dropbox\programming\spiNNaker-IOBoard\uC\StdPeriphLib_v100_STM32F4xx\Release\libStdPeriphLib_v100_STM32F4xx.a(stm32f4xx_rcc.o)
                0x08001d90                RCC_APB1PeriphResetCmd
 .text.RCC_APB2PeriphResetCmd
                0x08001da8       0x18 D:\Dropbox\programming\spiNNaker-IOBoard\uC\StdPeriphLib_v100_STM32F4xx\Release\libStdPeriphLib_v100_STM32F4xx.a(stm32f4xx_rcc.o)
                0x08001da8                RCC_APB2PeriphResetCmd
 .text.TIM_DeInit
                0x08001dc0      0x154 D:\Dropbox\programming\spiNNaker-IOBoard\uC\StdPeriphLib_v100_STM32F4xx\Release\libStdPeriphLib_v100_STM32F4xx.a(stm32f4xx_tim.o)
                0x08001dc0                TIM_DeInit
 .text.TIM_TimeBaseInit
                0x08001f14       0x7c D:\Dropbox\programming\spiNNaker-IOBoard\uC\StdPeriphLib_v100_STM32F4xx\Release\libStdPeriphLib_v100_STM32F4xx.a(stm32f4xx_tim.o)
                0x08001f14                TIM_TimeBaseInit
 .text.TIM_SelectOnePulseMode
                0x08001f90       0x16 D:\Dropbox\programming\spiNNaker-IOBoard\uC\StdPeriphLib_v100_STM32F4xx\Release\libStdPeriphLib_v100_STM32F4xx.a(stm32f4xx_tim.o)
                0x08001f90                TIM_SelectOnePulseMode
 .text.TIM_Cmd  0x08001fa6       0x18 D:\Dropbox\programming\spiNNaker-IOBoard\uC\StdPeriphLib_v100_STM32F4xx\Release\libStdPeriphLib_v100_STM32F4xx.a(stm32f4xx_tim.o)
                0x08001fa6                TIM_Cmd
 .text.TIM_InternalClockConfig
                0x08001fbe        0xe D:\Dropbox\programming\spiNNaker-IOBoard\uC\StdPeriphLib_v100_STM32F4xx\Release\libStdPeriphLib_v100_STM32F4xx.a(stm32f4xx_tim.o)
                0x08001fbe                TIM_InternalClockConfig
 .text.USART_DeInit
                0x08001fcc       0xa8 D:\Dropbox\programming\spiNNaker-IOBoard\uC\StdPeriphLib_v100_STM32F4xx\Release\libStdPeriphLib_v100_STM32F4xx.a(stm32f4xx_usart.o)
                0x08001fcc                USART_DeInit
 .text.USART_Init
                0x08002074       0xb8 D:\Dropbox\programming\spiNNaker-IOBoard\uC\StdPeriphLib_v100_STM32F4xx\Release\libStdPeriphLib_v100_STM32F4xx.a(stm32f4xx_usart.o)
                0x08002074                USART_Init
 .text.USART_Cmd
                0x0800212c       0x18 D:\Dropbox\programming\spiNNaker-IOBoard\uC\StdPeriphLib_v100_STM32F4xx\Release\libStdPeriphLib_v100_STM32F4xx.a(stm32f4xx_usart.o)
                0x0800212c                USART_Cmd
 .text.USART_OverSampling8Cmd
                0x08002144       0x18 D:\Dropbox\programming\spiNNaker-IOBoard\uC\StdPeriphLib_v100_STM32F4xx\Release\libStdPeriphLib_v100_STM32F4xx.a(stm32f4xx_usart.o)
                0x08002144                USART_OverSampling8Cmd
 .text.USART_DMACmd
                0x0800215c       0x12 D:\Dropbox\programming\spiNNaker-IOBoard\uC\StdPeriphLib_v100_STM32F4xx\Release\libStdPeriphLib_v100_STM32F4xx.a(stm32f4xx_usart.o)
                0x0800215c                USART_DMACmd
 *fill*         0x0800216e        0x2 00
 .text.SystemInit
                0x08002170       0xa8 D:\Dropbox\programming\spiNNaker-IOBoard\uC\CMSISv2p10_STM32F4xx\Release\libCMSISv2p10_STM32F4xx.a(system_stm32f4xx.o)
                0x08002170                SystemInit
 .text.__weak_main
                0x08002218        0x4 c:/code_red/redsuite_5.0.12_1119/redsuite/tools/bin/../lib/gcc/arm-none-eabi/4.6.2/../../../../arm-none-eabi/lib/armv7e-m/softfp\libcr_c.a(__weak__main.o)
                0x08002218                __weak_main
                0x08002218                __main
 *(.rodata .rodata.*)
 .rodata.str1.4
                0x0800221c       0x49 ./src/main.o
                                 0x4c (size before relaxing)
 *fill*         0x08002265        0x3 00
 .rodata.str1.4
                0x08002268       0x94 ./src/omnibot.o
                                 0x98 (size before relaxing)
 .rodata.ParityTable256
                0x080022fc      0x400 ./src/spin_link.o
                0x080026fc                . = ALIGN (0x4)

.glue_7         0x080026fc        0x0
 .glue_7        0x00000000        0x0 linker stubs

.glue_7t        0x080026fc        0x0
 .glue_7t       0x00000000        0x0 linker stubs

.vfp11_veneer   0x080026fc        0x0
 .vfp11_veneer  0x00000000        0x0 linker stubs

.v4_bx          0x080026fc        0x0
 .v4_bx         0x00000000        0x0 linker stubs

.ARM.extab
 *(.ARM.extab* .gnu.linkonce.armextab.*)
                0x080026fc                __exidx_start = .

.ARM.exidx
 *(.ARM.exidx* .gnu.linkonce.armexidx.*)
                0x080026fc                __exidx_end = .
                0x080026fc                _etext = .

.data_RAM2      0x2001c000        0x0 load address 0x080026fc
 FILL mask 0xff
 *(.data.$RAM2*)
 *(.data.$PeriphRam16*)
                0x2001c000                . = ALIGN (0x4)

.data_RAM3      0x10000000        0x0 load address 0x080026fc
 FILL mask 0xff
 *(.data.$RAM3*)
 *(.data.$Ram64*)
                0x10000000                . = ALIGN (0x4)

.uninit_RESERVED
                0x20000000        0x0
 *(.bss.$RESERVED*)
                0x20000000                . = ALIGN (0x4)
                0x20000000                _end_uninit_RESERVED = .

.data           0x20000000       0x10 load address 0x080026fc
 FILL mask 0xff
                0x20000000                _data = .
 *(vtable)
 *(.data*)
 .data.APBAHBPrescTable
                0x20000000       0x10 D:\Dropbox\programming\spiNNaker-IOBoard\uC\StdPeriphLib_v100_STM32F4xx\Release\libStdPeriphLib_v100_STM32F4xx.a(stm32f4xx_rcc.o)
                0x20000010                . = ALIGN (0x4)
                0x20000010                _edata = .

.bss_RAM2       0x2001c000        0x0
 *(.bss.$RAM2*)
 *(.bss.$PeriphRam16*)
                0x2001c000                . = ALIGN (0x4)

.bss_RAM3       0x10000000        0x0
 *(.bss.$RAM3*)
 *(.bss.$Ram64*)
                0x10000000                . = ALIGN (0x4)

.bss            0x20000010     0x7914
                0x20000010                _bss = .
 *(.bss*)
 .bss.USART3_TX_WRITE
                0x20000010        0x4 ./src/usart.o
                0x20000010                USART3_TX_WRITE
 .bss.UART5_TX_READ
                0x20000014        0x4 ./src/usart.o
                0x20000014                UART5_TX_READ
 .bss.USART1_TX_WRITE
                0x20000018        0x4 ./src/usart.o
                0x20000018                USART1_TX_WRITE
 .bss.USART3_TX_READ
                0x2000001c        0x4 ./src/usart.o
                0x2000001c                USART3_TX_READ
 .bss.USART1_TX_READ
                0x20000020        0x4 ./src/usart.o
                0x20000020                USART1_TX_READ
 .bss.USART6_TX_WRITE
                0x20000024        0x4 ./src/usart.o
                0x20000024                USART6_TX_WRITE
 .bss.UART5_TX_WRITE
                0x20000028        0x4 ./src/usart.o
                0x20000028                UART5_TX_WRITE
 .bss.USART6_TX_READ
                0x2000002c        0x4 ./src/usart.o
                0x2000002c                USART6_TX_READ
 *(COMMON)
 COMMON         0x20000030      0x8f4 ./src/omnibot.o
                0x20000030                robotSensorData
                0x20000074                t_payload_speed
                0x20000078                omniAvailFlag
                0x2000007c                motor_command_string
                0x200000e0                motor_init_cmd_cycle_2
                0x200000e4                t_speed
                0x200000e8                motor_count
                0x200000ec                y_speed
                0x200000f0                y_payload_speed
                0x200000f4                num_buffer
                0x20000108                t_accumulator
                0x2000010c                y_accumulator
                0x20000110                x_accumulator
                0x20000114                x_speed
                0x20000118                motor_init_cmd_cycle_1
                0x2000011c                x_payload_speed
                0x20000120                timeout_var
                0x20000124                MGMT_ARRAY
 COMMON         0x20000924     0x7000 ./src/usart.o
                0x20000924                USART6_TX_BUFFER
                0x20001924                USART6_RX_BUFFER
                0x20002924                USART1_RX_BUFFER
                0x20003924                USART3_TX_BUFFER
                0x20004924                USART3_RX_BUFFER
                0x20005924                UART5_TX_BUFFER
                0x20006924                USART1_TX_BUFFER
                0x20007924                . = ALIGN (0x4)
                0x20007924                _ebss = .
                0x20007924                PROVIDE (end, .)
                0x20007924                PROVIDE (_pvHeapStart, .)
                0x2001c000                PROVIDE (_vStackTop, (__top_Ram112 - 0x0))
OUTPUT(spinInterface.axf elf32-littlearm)

.debug_info     0x00000000     0x86a3
 .debug_info    0x00000000      0x3f4 ./src/cr_startup_stm32f4xx.o
 .debug_info    0x000003f4       0xba ./src/irq_handlers.o
 .debug_info    0x000004ae      0x304 ./src/leds.o
 .debug_info    0x000007b2      0x8e9 ./src/main.o
 .debug_info    0x0000109b      0x5bd ./src/omnibot.o
 .debug_info    0x00001658      0x492 ./src/omnibot_rate_coding_helper.o
 .debug_info    0x00001aea      0x913 ./src/spin_link.o
 .debug_info    0x000023fd      0x3a3 ./src/timer.o
 .debug_info    0x000027a0      0x9c7 ./src/usart.o
 .debug_info    0x00003167      0x598 D:\Dropbox\programming\spiNNaker-IOBoard\uC\StdPeriphLib_v100_STM32F4xx\Release\libStdPeriphLib_v100_STM32F4xx.a(misc.o)
 .debug_info    0x000036ff      0x78f D:\Dropbox\programming\spiNNaker-IOBoard\uC\StdPeriphLib_v100_STM32F4xx\Release\libStdPeriphLib_v100_STM32F4xx.a(stm32f4xx_dma.o)
 .debug_info    0x00003e8e      0x372 D:\Dropbox\programming\spiNNaker-IOBoard\uC\StdPeriphLib_v100_STM32F4xx\Release\libStdPeriphLib_v100_STM32F4xx.a(stm32f4xx_exti.o)
 .debug_info    0x00004200      0x62f D:\Dropbox\programming\spiNNaker-IOBoard\uC\StdPeriphLib_v100_STM32F4xx\Release\libStdPeriphLib_v100_STM32F4xx.a(stm32f4xx_gpio.o)
 .debug_info    0x0000482f      0xd11 D:\Dropbox\programming\spiNNaker-IOBoard\uC\StdPeriphLib_v100_STM32F4xx\Release\libStdPeriphLib_v100_STM32F4xx.a(stm32f4xx_rcc.o)
 .debug_info    0x00005540      0x279 D:\Dropbox\programming\spiNNaker-IOBoard\uC\StdPeriphLib_v100_STM32F4xx\Release\libStdPeriphLib_v100_STM32F4xx.a(stm32f4xx_syscfg.o)
 .debug_info    0x000057b9     0x1ebc D:\Dropbox\programming\spiNNaker-IOBoard\uC\StdPeriphLib_v100_STM32F4xx\Release\libStdPeriphLib_v100_STM32F4xx.a(stm32f4xx_tim.o)
 .debug_info    0x00007675      0xa3a D:\Dropbox\programming\spiNNaker-IOBoard\uC\StdPeriphLib_v100_STM32F4xx\Release\libStdPeriphLib_v100_STM32F4xx.a(stm32f4xx_usart.o)
 .debug_info    0x000080af      0x5f4 D:\Dropbox\programming\spiNNaker-IOBoard\uC\CMSISv2p10_STM32F4xx\Release\libCMSISv2p10_STM32F4xx.a(system_stm32f4xx.o)

.debug_abbrev   0x00000000     0x1bb7
 .debug_abbrev  0x00000000      0x160 ./src/cr_startup_stm32f4xx.o
 .debug_abbrev  0x00000160       0x60 ./src/irq_handlers.o
 .debug_abbrev  0x000001c0      0x142 ./src/leds.o
 .debug_abbrev  0x00000302      0x1a1 ./src/main.o
 .debug_abbrev  0x000004a3      0x1ad ./src/omnibot.o
 .debug_abbrev  0x00000650      0x1a4 ./src/omnibot_rate_coding_helper.o
 .debug_abbrev  0x000007f4      0x25a ./src/spin_link.o
 .debug_abbrev  0x00000a4e       0xf6 ./src/timer.o
 .debug_abbrev  0x00000b44      0x184 ./src/usart.o
 .debug_abbrev  0x00000cc8      0x14e D:\Dropbox\programming\spiNNaker-IOBoard\uC\StdPeriphLib_v100_STM32F4xx\Release\libStdPeriphLib_v100_STM32F4xx.a(misc.o)
 .debug_abbrev  0x00000e16      0x19e D:\Dropbox\programming\spiNNaker-IOBoard\uC\StdPeriphLib_v100_STM32F4xx\Release\libStdPeriphLib_v100_STM32F4xx.a(stm32f4xx_dma.o)
 .debug_abbrev  0x00000fb4      0x1cf D:\Dropbox\programming\spiNNaker-IOBoard\uC\StdPeriphLib_v100_STM32F4xx\Release\libStdPeriphLib_v100_STM32F4xx.a(stm32f4xx_exti.o)
 .debug_abbrev  0x00001183      0x1d0 D:\Dropbox\programming\spiNNaker-IOBoard\uC\StdPeriphLib_v100_STM32F4xx\Release\libStdPeriphLib_v100_STM32F4xx.a(stm32f4xx_gpio.o)
 .debug_abbrev  0x00001353      0x1f8 D:\Dropbox\programming\spiNNaker-IOBoard\uC\StdPeriphLib_v100_STM32F4xx\Release\libStdPeriphLib_v100_STM32F4xx.a(stm32f4xx_rcc.o)
 .debug_abbrev  0x0000154b      0x152 D:\Dropbox\programming\spiNNaker-IOBoard\uC\StdPeriphLib_v100_STM32F4xx\Release\libStdPeriphLib_v100_STM32F4xx.a(stm32f4xx_syscfg.o)
 .debug_abbrev  0x0000169d      0x23f D:\Dropbox\programming\spiNNaker-IOBoard\uC\StdPeriphLib_v100_STM32F4xx\Release\libStdPeriphLib_v100_STM32F4xx.a(stm32f4xx_tim.o)
 .debug_abbrev  0x000018dc      0x1ad D:\Dropbox\programming\spiNNaker-IOBoard\uC\StdPeriphLib_v100_STM32F4xx\Release\libStdPeriphLib_v100_STM32F4xx.a(stm32f4xx_usart.o)
 .debug_abbrev  0x00001a89      0x12e D:\Dropbox\programming\spiNNaker-IOBoard\uC\CMSISv2p10_STM32F4xx\Release\libCMSISv2p10_STM32F4xx.a(system_stm32f4xx.o)

.debug_loc      0x00000000     0x425e
 .debug_loc     0x00000000      0x31c ./src/cr_startup_stm32f4xx.o
 .debug_loc     0x0000031c       0x2c ./src/leds.o
 .debug_loc     0x00000348      0x9dc ./src/main.o
 .debug_loc     0x00000d24      0x2c7 ./src/omnibot.o
 .debug_loc     0x00000feb      0x305 ./src/omnibot_rate_coding_helper.o
 .debug_loc     0x000012f0      0x287 ./src/spin_link.o
 .debug_loc     0x00001577       0x2c ./src/timer.o
 .debug_loc     0x000015a3      0x2d1 ./src/usart.o
 .debug_loc     0x00001874      0x112 D:\Dropbox\programming\spiNNaker-IOBoard\uC\StdPeriphLib_v100_STM32F4xx\Release\libStdPeriphLib_v100_STM32F4xx.a(misc.o)
 .debug_loc     0x00001986      0x318 D:\Dropbox\programming\spiNNaker-IOBoard\uC\StdPeriphLib_v100_STM32F4xx\Release\libStdPeriphLib_v100_STM32F4xx.a(stm32f4xx_dma.o)
 .debug_loc     0x00001c9e      0x159 D:\Dropbox\programming\spiNNaker-IOBoard\uC\StdPeriphLib_v100_STM32F4xx\Release\libStdPeriphLib_v100_STM32F4xx.a(stm32f4xx_exti.o)
 .debug_loc     0x00001df7      0x28b D:\Dropbox\programming\spiNNaker-IOBoard\uC\StdPeriphLib_v100_STM32F4xx\Release\libStdPeriphLib_v100_STM32F4xx.a(stm32f4xx_gpio.o)
 .debug_loc     0x00002082      0x706 D:\Dropbox\programming\spiNNaker-IOBoard\uC\StdPeriphLib_v100_STM32F4xx\Release\libStdPeriphLib_v100_STM32F4xx.a(stm32f4xx_rcc.o)
 .debug_loc     0x00002788       0x9d D:\Dropbox\programming\spiNNaker-IOBoard\uC\StdPeriphLib_v100_STM32F4xx\Release\libStdPeriphLib_v100_STM32F4xx.a(stm32f4xx_syscfg.o)
 .debug_loc     0x00002825     0x13d4 D:\Dropbox\programming\spiNNaker-IOBoard\uC\StdPeriphLib_v100_STM32F4xx\Release\libStdPeriphLib_v100_STM32F4xx.a(stm32f4xx_tim.o)
 .debug_loc     0x00003bf9      0x5ab D:\Dropbox\programming\spiNNaker-IOBoard\uC\StdPeriphLib_v100_STM32F4xx\Release\libStdPeriphLib_v100_STM32F4xx.a(stm32f4xx_usart.o)
 .debug_loc     0x000041a4       0xba D:\Dropbox\programming\spiNNaker-IOBoard\uC\CMSISv2p10_STM32F4xx\Release\libCMSISv2p10_STM32F4xx.a(system_stm32f4xx.o)

.debug_aranges  0x00000000      0xa50
 .debug_aranges
                0x00000000       0x80 ./src/cr_startup_stm32f4xx.o
 .debug_aranges
                0x00000080       0x38 ./src/leds.o
 .debug_aranges
                0x000000b8       0x28 ./src/main.o
 .debug_aranges
                0x000000e0       0x58 ./src/omnibot.o
 .debug_aranges
                0x00000138       0x40 ./src/omnibot_rate_coding_helper.o
 .debug_aranges
                0x00000178       0x80 ./src/spin_link.o
 .debug_aranges
                0x000001f8       0x28 ./src/timer.o
 .debug_aranges
                0x00000220       0x90 ./src/usart.o
 .debug_aranges
                0x000002b0       0x40 D:\Dropbox\programming\spiNNaker-IOBoard\uC\StdPeriphLib_v100_STM32F4xx\Release\libStdPeriphLib_v100_STM32F4xx.a(misc.o)
 .debug_aranges
                0x000002f0       0xb0 D:\Dropbox\programming\spiNNaker-IOBoard\uC\StdPeriphLib_v100_STM32F4xx\Release\libStdPeriphLib_v100_STM32F4xx.a(stm32f4xx_dma.o)
 .debug_aranges
                0x000003a0       0x58 D:\Dropbox\programming\spiNNaker-IOBoard\uC\StdPeriphLib_v100_STM32F4xx\Release\libStdPeriphLib_v100_STM32F4xx.a(stm32f4xx_exti.o)
 .debug_aranges
                0x000003f8       0x88 D:\Dropbox\programming\spiNNaker-IOBoard\uC\StdPeriphLib_v100_STM32F4xx\Release\libStdPeriphLib_v100_STM32F4xx.a(stm32f4xx_gpio.o)
 .debug_aranges
                0x00000480      0x178 D:\Dropbox\programming\spiNNaker-IOBoard\uC\StdPeriphLib_v100_STM32F4xx\Release\libStdPeriphLib_v100_STM32F4xx.a(stm32f4xx_rcc.o)
 .debug_aranges
                0x000005f8       0x48 D:\Dropbox\programming\spiNNaker-IOBoard\uC\StdPeriphLib_v100_STM32F4xx\Release\libStdPeriphLib_v100_STM32F4xx.a(stm32f4xx_syscfg.o)
 .debug_aranges
                0x00000640      0x2e8 D:\Dropbox\programming\spiNNaker-IOBoard\uC\StdPeriphLib_v100_STM32F4xx\Release\libStdPeriphLib_v100_STM32F4xx.a(stm32f4xx_tim.o)
 .debug_aranges
                0x00000928      0x100 D:\Dropbox\programming\spiNNaker-IOBoard\uC\StdPeriphLib_v100_STM32F4xx\Release\libStdPeriphLib_v100_STM32F4xx.a(stm32f4xx_usart.o)
 .debug_aranges
                0x00000a28       0x28 D:\Dropbox\programming\spiNNaker-IOBoard\uC\CMSISv2p10_STM32F4xx\Release\libCMSISv2p10_STM32F4xx.a(system_stm32f4xx.o)

.debug_ranges   0x00000000      0xa80
 .debug_ranges  0x00000000       0xd0 ./src/cr_startup_stm32f4xx.o
 .debug_ranges  0x000000d0       0x28 ./src/leds.o
 .debug_ranges  0x000000f8       0x30 ./src/main.o
 .debug_ranges  0x00000128       0x60 ./src/omnibot.o
 .debug_ranges  0x00000188       0x70 ./src/omnibot_rate_coding_helper.o
 .debug_ranges  0x000001f8       0x70 ./src/spin_link.o
 .debug_ranges  0x00000268       0x18 ./src/timer.o
 .debug_ranges  0x00000280       0x80 ./src/usart.o
 .debug_ranges  0x00000300       0x30 D:\Dropbox\programming\spiNNaker-IOBoard\uC\StdPeriphLib_v100_STM32F4xx\Release\libStdPeriphLib_v100_STM32F4xx.a(misc.o)
 .debug_ranges  0x00000330       0xa0 D:\Dropbox\programming\spiNNaker-IOBoard\uC\StdPeriphLib_v100_STM32F4xx\Release\libStdPeriphLib_v100_STM32F4xx.a(stm32f4xx_dma.o)
 .debug_ranges  0x000003d0       0x48 D:\Dropbox\programming\spiNNaker-IOBoard\uC\StdPeriphLib_v100_STM32F4xx\Release\libStdPeriphLib_v100_STM32F4xx.a(stm32f4xx_exti.o)
 .debug_ranges  0x00000418       0x78 D:\Dropbox\programming\spiNNaker-IOBoard\uC\StdPeriphLib_v100_STM32F4xx\Release\libStdPeriphLib_v100_STM32F4xx.a(stm32f4xx_gpio.o)
 .debug_ranges  0x00000490      0x168 D:\Dropbox\programming\spiNNaker-IOBoard\uC\StdPeriphLib_v100_STM32F4xx\Release\libStdPeriphLib_v100_STM32F4xx.a(stm32f4xx_rcc.o)
 .debug_ranges  0x000005f8       0x38 D:\Dropbox\programming\spiNNaker-IOBoard\uC\StdPeriphLib_v100_STM32F4xx\Release\libStdPeriphLib_v100_STM32F4xx.a(stm32f4xx_syscfg.o)
 .debug_ranges  0x00000630      0x348 D:\Dropbox\programming\spiNNaker-IOBoard\uC\StdPeriphLib_v100_STM32F4xx\Release\libStdPeriphLib_v100_STM32F4xx.a(stm32f4xx_tim.o)
 .debug_ranges  0x00000978       0xf0 D:\Dropbox\programming\spiNNaker-IOBoard\uC\StdPeriphLib_v100_STM32F4xx\Release\libStdPeriphLib_v100_STM32F4xx.a(stm32f4xx_usart.o)
 .debug_ranges  0x00000a68       0x18 D:\Dropbox\programming\spiNNaker-IOBoard\uC\CMSISv2p10_STM32F4xx\Release\libCMSISv2p10_STM32F4xx.a(system_stm32f4xx.o)

.debug_line     0x00000000     0x3c47
 .debug_line    0x00000000      0x1d6 ./src/cr_startup_stm32f4xx.o
 .debug_line    0x000001d6      0x111 ./src/irq_handlers.o
 .debug_line    0x000002e7      0x1d3 ./src/leds.o
 .debug_line    0x000004ba      0x2fa ./src/main.o
 .debug_line    0x000007b4      0x523 ./src/omnibot.o
 .debug_line    0x00000cd7      0x377 ./src/omnibot_rate_coding_helper.o
 .debug_line    0x0000104e      0x3c0 ./src/spin_link.o
 .debug_line    0x0000140e      0x1b2 ./src/timer.o
 .debug_line    0x000015c0      0x4bb ./src/usart.o
 .debug_line    0x00001a7b      0x1e7 D:\Dropbox\programming\spiNNaker-IOBoard\uC\StdPeriphLib_v100_STM32F4xx\Release\libStdPeriphLib_v100_STM32F4xx.a(misc.o)
 .debug_line    0x00001c62      0x378 D:\Dropbox\programming\spiNNaker-IOBoard\uC\StdPeriphLib_v100_STM32F4xx\Release\libStdPeriphLib_v100_STM32F4xx.a(stm32f4xx_dma.o)
 .debug_line    0x00001fda      0x23a D:\Dropbox\programming\spiNNaker-IOBoard\uC\StdPeriphLib_v100_STM32F4xx\Release\libStdPeriphLib_v100_STM32F4xx.a(stm32f4xx_exti.o)
 .debug_line    0x00002214      0x2d4 D:\Dropbox\programming\spiNNaker-IOBoard\uC\StdPeriphLib_v100_STM32F4xx\Release\libStdPeriphLib_v100_STM32F4xx.a(stm32f4xx_gpio.o)
 .debug_line    0x000024e8      0x52b D:\Dropbox\programming\spiNNaker-IOBoard\uC\StdPeriphLib_v100_STM32F4xx\Release\libStdPeriphLib_v100_STM32F4xx.a(stm32f4xx_rcc.o)
 .debug_line    0x00002a13      0x199 D:\Dropbox\programming\spiNNaker-IOBoard\uC\StdPeriphLib_v100_STM32F4xx\Release\libStdPeriphLib_v100_STM32F4xx.a(stm32f4xx_syscfg.o)
 .debug_line    0x00002bac      0xa8e D:\Dropbox\programming\spiNNaker-IOBoard\uC\StdPeriphLib_v100_STM32F4xx\Release\libStdPeriphLib_v100_STM32F4xx.a(stm32f4xx_tim.o)
 .debug_line    0x0000363a      0x481 D:\Dropbox\programming\spiNNaker-IOBoard\uC\StdPeriphLib_v100_STM32F4xx\Release\libStdPeriphLib_v100_STM32F4xx.a(stm32f4xx_usart.o)
 .debug_line    0x00003abb      0x18c D:\Dropbox\programming\spiNNaker-IOBoard\uC\CMSISv2p10_STM32F4xx\Release\libCMSISv2p10_STM32F4xx.a(system_stm32f4xx.o)

.debug_str      0x00000000     0x3260
 .debug_str     0x00000000      0x268 ./src/cr_startup_stm32f4xx.o
                                0x298 (size before relaxing)
 .debug_str     0x00000268       0x2c ./src/irq_handlers.o
                                0x145 (size before relaxing)
 .debug_str     0x00000294      0x1dc ./src/leds.o
                                0x2fe (size before relaxing)
 .debug_str     0x00000470      0x314 ./src/main.o
                                0x485 (size before relaxing)
 .debug_str     0x00000784      0x160 ./src/omnibot.o
                                0x361 (size before relaxing)
 .debug_str     0x000008e4       0xa3 ./src/omnibot_rate_coding_helper.o
                                0x256 (size before relaxing)
 .debug_str     0x00000987      0x822 ./src/spin_link.o
                                0xb27 (size before relaxing)
 .debug_str     0x000011a9       0xa0 ./src/timer.o
                                0x2c2 (size before relaxing)
 .debug_str     0x00001249      0x3e0 ./src/usart.o
                                0x75f (size before relaxing)
 .debug_str     0x00001629      0x1dc D:\Dropbox\programming\spiNNaker-IOBoard\uC\StdPeriphLib_v100_STM32F4xx\Release\libStdPeriphLib_v100_STM32F4xx.a(misc.o)
                                0x386 (size before relaxing)
 .debug_str     0x00001805      0x253 D:\Dropbox\programming\spiNNaker-IOBoard\uC\StdPeriphLib_v100_STM32F4xx\Release\libStdPeriphLib_v100_STM32F4xx.a(stm32f4xx_dma.o)
                                0x4f9 (size before relaxing)
 .debug_str     0x00001a58       0xce D:\Dropbox\programming\spiNNaker-IOBoard\uC\StdPeriphLib_v100_STM32F4xx\Release\libStdPeriphLib_v100_STM32F4xx.a(stm32f4xx_exti.o)
                                0x31b (size before relaxing)
 .debug_str     0x00001b26      0x16b D:\Dropbox\programming\spiNNaker-IOBoard\uC\StdPeriphLib_v100_STM32F4xx\Release\libStdPeriphLib_v100_STM32F4xx.a(stm32f4xx_gpio.o)
                                0x450 (size before relaxing)
 .debug_str     0x00001c91      0x603 D:\Dropbox\programming\spiNNaker-IOBoard\uC\StdPeriphLib_v100_STM32F4xx\Release\libStdPeriphLib_v100_STM32F4xx.a(stm32f4xx_rcc.o)
                                0x7fd (size before relaxing)
 .debug_str     0x00002294      0x131 D:\Dropbox\programming\spiNNaker-IOBoard\uC\StdPeriphLib_v100_STM32F4xx\Release\libStdPeriphLib_v100_STM32F4xx.a(stm32f4xx_syscfg.o)
                                0x2ac (size before relaxing)
 .debug_str     0x000023c5      0xa54 D:\Dropbox\programming\spiNNaker-IOBoard\uC\StdPeriphLib_v100_STM32F4xx\Release\libStdPeriphLib_v100_STM32F4xx.a(stm32f4xx_tim.o)
                                0xd7d (size before relaxing)
 .debug_str     0x00002e19      0x37f D:\Dropbox\programming\spiNNaker-IOBoard\uC\StdPeriphLib_v100_STM32F4xx\Release\libStdPeriphLib_v100_STM32F4xx.a(stm32f4xx_usart.o)
                                0x63c (size before relaxing)
 .debug_str     0x00003198       0xc8 D:\Dropbox\programming\spiNNaker-IOBoard\uC\CMSISv2p10_STM32F4xx\Release\libCMSISv2p10_STM32F4xx.a(system_stm32f4xx.o)
                                0x337 (size before relaxing)

.comment        0x00000000       0x70
 .comment       0x00000000       0x70 ./src/cr_startup_stm32f4xx.o
                                 0x71 (size before relaxing)
 .comment       0x00000000       0x71 ./src/irq_handlers.o
 .comment       0x00000000       0x71 ./src/leds.o
 .comment       0x00000000       0x71 ./src/main.o
 .comment       0x00000000       0x71 ./src/omnibot.o
 .comment       0x00000000       0x71 ./src/omnibot_rate_coding_helper.o
 .comment       0x00000000       0x71 ./src/spin_link.o
 .comment       0x00000000       0x71 ./src/timer.o
 .comment       0x00000000       0x71 ./src/usart.o
 .comment       0x00000000       0x71 D:\Dropbox\programming\spiNNaker-IOBoard\uC\StdPeriphLib_v100_STM32F4xx\Release\libStdPeriphLib_v100_STM32F4xx.a(misc.o)
 .comment       0x00000000       0x71 D:\Dropbox\programming\spiNNaker-IOBoard\uC\StdPeriphLib_v100_STM32F4xx\Release\libStdPeriphLib_v100_STM32F4xx.a(stm32f4xx_dma.o)
 .comment       0x00000000       0x71 D:\Dropbox\programming\spiNNaker-IOBoard\uC\StdPeriphLib_v100_STM32F4xx\Release\libStdPeriphLib_v100_STM32F4xx.a(stm32f4xx_exti.o)
 .comment       0x00000000       0x71 D:\Dropbox\programming\spiNNaker-IOBoard\uC\StdPeriphLib_v100_STM32F4xx\Release\libStdPeriphLib_v100_STM32F4xx.a(stm32f4xx_gpio.o)
 .comment       0x00000000       0x71 D:\Dropbox\programming\spiNNaker-IOBoard\uC\StdPeriphLib_v100_STM32F4xx\Release\libStdPeriphLib_v100_STM32F4xx.a(stm32f4xx_rcc.o)
 .comment       0x00000000       0x71 D:\Dropbox\programming\spiNNaker-IOBoard\uC\StdPeriphLib_v100_STM32F4xx\Release\libStdPeriphLib_v100_STM32F4xx.a(stm32f4xx_syscfg.o)
 .comment       0x00000000       0x71 D:\Dropbox\programming\spiNNaker-IOBoard\uC\StdPeriphLib_v100_STM32F4xx\Release\libStdPeriphLib_v100_STM32F4xx.a(stm32f4xx_tim.o)
 .comment       0x00000000       0x71 D:\Dropbox\programming\spiNNaker-IOBoard\uC\StdPeriphLib_v100_STM32F4xx\Release\libStdPeriphLib_v100_STM32F4xx.a(stm32f4xx_usart.o)
 .comment       0x00000000       0x71 D:\Dropbox\programming\spiNNaker-IOBoard\uC\CMSISv2p10_STM32F4xx\Release\libCMSISv2p10_STM32F4xx.a(system_stm32f4xx.o)
 .comment       0x00000000       0x71 c:/code_red/redsuite_5.0.12_1119/redsuite/tools/bin/../lib/gcc/arm-none-eabi/4.6.2/../../../../arm-none-eabi/lib/armv7e-m/softfp\libcr_c.a(memcpy.o)
 .comment       0x00000000       0x71 c:/code_red/redsuite_5.0.12_1119/redsuite/tools/bin/../lib/gcc/arm-none-eabi/4.6.2/../../../../arm-none-eabi/lib/armv7e-m/softfp\libcr_c.a(__weak__main.o)
 .comment       0x00000000       0x71 c:/code_red/redsuite_5.0.12_1119/redsuite/tools/bin/../lib/gcc/arm-none-eabi/4.6.2/../../../../arm-none-eabi/lib/armv7e-m/softfp\libcr_c.a(fabs.o)
 .comment       0x00000000       0x71 c:/code_red/redsuite_5.0.12_1119/redsuite/tools/bin/../lib/gcc/arm-none-eabi/4.6.2/../../../../arm-none-eabi/lib/armv7e-m/softfp\libcr_c.a(floor.o)
 .comment       0x00000000       0x71 c:/code_red/redsuite_5.0.12_1119/redsuite/tools/bin/../lib/gcc/arm-none-eabi/4.6.2/../../../../arm-none-eabi/lib/armv7e-m/softfp\libcr_c.a(itoa.o)
 .comment       0x00000000       0x71 c:/code_red/redsuite_5.0.12_1119/redsuite/tools/bin/../lib/gcc/arm-none-eabi/4.6.2/../../../../arm-none-eabi/lib/armv7e-m/softfp\libcr_c.a(strcat.o)
 .comment       0x00000000       0x71 c:/code_red/redsuite_5.0.12_1119/redsuite/tools/bin/../lib/gcc/arm-none-eabi/4.6.2/../../../../arm-none-eabi/lib/armv7e-m/softfp\libcr_c.a(strcpy.o)
 .comment       0x00000000       0x71 c:/code_red/redsuite_5.0.12_1119/redsuite/tools/bin/../lib/gcc/arm-none-eabi/4.6.2/armv7e-m/softfp\libcr_eabihelpers.a(double.o)
 .comment       0x00000000       0x71 c:/code_red/redsuite_5.0.12_1119/redsuite/tools/bin/../lib/gcc/arm-none-eabi/4.6.2/armv7e-m/softfp\libcr_eabihelpers.a(float.o)

.ARM.attributes
                0x00000000       0x37
 .ARM.attributes
                0x00000000       0x39 ./src/cr_startup_stm32f4xx.o
 .ARM.attributes
                0x00000039       0x39 ./src/irq_handlers.o
 .ARM.attributes
                0x00000072       0x39 ./src/leds.o
 .ARM.attributes
                0x000000ab       0x39 ./src/main.o
 .ARM.attributes
                0x000000e4       0x39 ./src/omnibot.o
 .ARM.attributes
                0x0000011d       0x39 ./src/omnibot_rate_coding_helper.o
 .ARM.attributes
                0x00000156       0x39 ./src/spin_link.o
 .ARM.attributes
                0x0000018f       0x39 ./src/timer.o
 .ARM.attributes
                0x000001c8       0x39 ./src/usart.o
 .ARM.attributes
                0x00000201       0x39 D:\Dropbox\programming\spiNNaker-IOBoard\uC\StdPeriphLib_v100_STM32F4xx\Release\libStdPeriphLib_v100_STM32F4xx.a(misc.o)
 .ARM.attributes
                0x0000023a       0x39 D:\Dropbox\programming\spiNNaker-IOBoard\uC\StdPeriphLib_v100_STM32F4xx\Release\libStdPeriphLib_v100_STM32F4xx.a(stm32f4xx_dma.o)
 .ARM.attributes
                0x00000273       0x39 D:\Dropbox\programming\spiNNaker-IOBoard\uC\StdPeriphLib_v100_STM32F4xx\Release\libStdPeriphLib_v100_STM32F4xx.a(stm32f4xx_exti.o)
 .ARM.attributes
                0x000002ac       0x39 D:\Dropbox\programming\spiNNaker-IOBoard\uC\StdPeriphLib_v100_STM32F4xx\Release\libStdPeriphLib_v100_STM32F4xx.a(stm32f4xx_gpio.o)
 .ARM.attributes
                0x000002e5       0x39 D:\Dropbox\programming\spiNNaker-IOBoard\uC\StdPeriphLib_v100_STM32F4xx\Release\libStdPeriphLib_v100_STM32F4xx.a(stm32f4xx_rcc.o)
 .ARM.attributes
                0x0000031e       0x39 D:\Dropbox\programming\spiNNaker-IOBoard\uC\StdPeriphLib_v100_STM32F4xx\Release\libStdPeriphLib_v100_STM32F4xx.a(stm32f4xx_syscfg.o)
 .ARM.attributes
                0x00000357       0x39 D:\Dropbox\programming\spiNNaker-IOBoard\uC\StdPeriphLib_v100_STM32F4xx\Release\libStdPeriphLib_v100_STM32F4xx.a(stm32f4xx_tim.o)
 .ARM.attributes
                0x00000390       0x39 D:\Dropbox\programming\spiNNaker-IOBoard\uC\StdPeriphLib_v100_STM32F4xx\Release\libStdPeriphLib_v100_STM32F4xx.a(stm32f4xx_usart.o)
 .ARM.attributes
                0x000003c9       0x33 D:\Dropbox\programming\spiNNaker-IOBoard\uC\CMSISv2p10_STM32F4xx\Release\libCMSISv2p10_STM32F4xx.a(system_stm32f4xx.o)
 .ARM.attributes
                0x000003fc       0x39 c:/code_red/redsuite_5.0.12_1119/redsuite/tools/bin/../lib/gcc/arm-none-eabi/4.6.2/../../../../arm-none-eabi/lib/armv7e-m/softfp\libcr_c.a(memcpy.o)
 .ARM.attributes
                0x00000435       0x39 c:/code_red/redsuite_5.0.12_1119/redsuite/tools/bin/../lib/gcc/arm-none-eabi/4.6.2/../../../../arm-none-eabi/lib/armv7e-m/softfp\libcr_c.a(__weak__main.o)
 .ARM.attributes
                0x0000046e       0x39 c:/code_red/redsuite_5.0.12_1119/redsuite/tools/bin/../lib/gcc/arm-none-eabi/4.6.2/../../../../arm-none-eabi/lib/armv7e-m/softfp\libcr_c.a(fabs.o)
 .ARM.attributes
                0x000004a7       0x39 c:/code_red/redsuite_5.0.12_1119/redsuite/tools/bin/../lib/gcc/arm-none-eabi/4.6.2/../../../../arm-none-eabi/lib/armv7e-m/softfp\libcr_c.a(floor.o)
 .ARM.attributes
                0x000004e0       0x39 c:/code_red/redsuite_5.0.12_1119/redsuite/tools/bin/../lib/gcc/arm-none-eabi/4.6.2/../../../../arm-none-eabi/lib/armv7e-m/softfp\libcr_c.a(itoa.o)
 .ARM.attributes
                0x00000519       0x39 c:/code_red/redsuite_5.0.12_1119/redsuite/tools/bin/../lib/gcc/arm-none-eabi/4.6.2/../../../../arm-none-eabi/lib/armv7e-m/softfp\libcr_c.a(strcat.o)
 .ARM.attributes
                0x00000552       0x39 c:/code_red/redsuite_5.0.12_1119/redsuite/tools/bin/../lib/gcc/arm-none-eabi/4.6.2/../../../../arm-none-eabi/lib/armv7e-m/softfp\libcr_c.a(strcpy.o)
 .ARM.attributes
                0x0000058b       0x39 c:/code_red/redsuite_5.0.12_1119/redsuite/tools/bin/../lib/gcc/arm-none-eabi/4.6.2/armv7e-m/softfp\libcr_eabihelpers.a(double.o)
 .ARM.attributes
                0x000005c4       0x39 c:/code_red/redsuite_5.0.12_1119/redsuite/tools/bin/../lib/gcc/arm-none-eabi/4.6.2/armv7e-m/softfp\libcr_eabihelpers.a(float.o)
 .ARM.attributes
                0x000005fd       0x27 c:/code_red/redsuite_5.0.12_1119/redsuite/tools/bin/../lib/gcc/arm-none-eabi/4.6.2/armv7e-m/softfp\libcr_eabihelpers.a(memcpy.o)

.debug_frame    0x00000000     0x15e8
 .debug_frame   0x00000000      0x100 ./src/cr_startup_stm32f4xx.o
 .debug_frame   0x00000100       0x5c ./src/leds.o
 .debug_frame   0x0000015c       0x4c ./src/main.o
 .debug_frame   0x000001a8       0xe4 ./src/omnibot.o
 .debug_frame   0x0000028c       0xac ./src/omnibot_rate_coding_helper.o
 .debug_frame   0x00000338      0x144 ./src/spin_link.o
 .debug_frame   0x0000047c       0x3c ./src/timer.o
 .debug_frame   0x000004b8      0x1a0 ./src/usart.o
 .debug_frame   0x00000658       0x68 D:\Dropbox\programming\spiNNaker-IOBoard\uC\StdPeriphLib_v100_STM32F4xx\Release\libStdPeriphLib_v100_STM32F4xx.a(misc.o)
 .debug_frame   0x000006c0      0x168 D:\Dropbox\programming\spiNNaker-IOBoard\uC\StdPeriphLib_v100_STM32F4xx\Release\libStdPeriphLib_v100_STM32F4xx.a(stm32f4xx_dma.o)
 .debug_frame   0x00000828       0x98 D:\Dropbox\programming\spiNNaker-IOBoard\uC\StdPeriphLib_v100_STM32F4xx\Release\libStdPeriphLib_v100_STM32F4xx.a(stm32f4xx_exti.o)
 .debug_frame   0x000008c0      0x11c D:\Dropbox\programming\spiNNaker-IOBoard\uC\StdPeriphLib_v100_STM32F4xx\Release\libStdPeriphLib_v100_STM32F4xx.a(stm32f4xx_gpio.o)
 .debug_frame   0x000009dc      0x2e4 D:\Dropbox\programming\spiNNaker-IOBoard\uC\StdPeriphLib_v100_STM32F4xx\Release\libStdPeriphLib_v100_STM32F4xx.a(stm32f4xx_rcc.o)
 .debug_frame   0x00000cc0       0x84 D:\Dropbox\programming\spiNNaker-IOBoard\uC\StdPeriphLib_v100_STM32F4xx\Release\libStdPeriphLib_v100_STM32F4xx.a(stm32f4xx_syscfg.o)
 .debug_frame   0x00000d44      0x668 D:\Dropbox\programming\spiNNaker-IOBoard\uC\StdPeriphLib_v100_STM32F4xx\Release\libStdPeriphLib_v100_STM32F4xx.a(stm32f4xx_tim.o)
 .debug_frame   0x000013ac      0x20c D:\Dropbox\programming\spiNNaker-IOBoard\uC\StdPeriphLib_v100_STM32F4xx\Release\libStdPeriphLib_v100_STM32F4xx.a(stm32f4xx_usart.o)
 .debug_frame   0x000015b8       0x30 D:\Dropbox\programming\spiNNaker-IOBoard\uC\CMSISv2p10_STM32F4xx\Release\libCMSISv2p10_STM32F4xx.a(system_stm32f4xx.o)
